Archive member included to satisfy reference by file (symbol)

c:/program files (x86)/atmel/studio/7.0/toolchain/avr8/avr8-gnu-toolchain/bin/../lib/gcc/avr/5.4.0/../../../../avr/lib/avr6\libm.a(addsf3.o)
                              application/application.o (__addsf3)
c:/program files (x86)/atmel/studio/7.0/toolchain/avr8/avr8-gnu-toolchain/bin/../lib/gcc/avr/5.4.0/../../../../avr/lib/avr6\libm.a(addsf3x.o)
                              c:/program files (x86)/atmel/studio/7.0/toolchain/avr8/avr8-gnu-toolchain/bin/../lib/gcc/avr/5.4.0/../../../../avr/lib/avr6\libm.a(addsf3.o) (__addsf3x)
c:/program files (x86)/atmel/studio/7.0/toolchain/avr8/avr8-gnu-toolchain/bin/../lib/gcc/avr/5.4.0/../../../../avr/lib/avr6\libm.a(cmpsf2.o)
                              application/application.o (__ltsf2)
c:/program files (x86)/atmel/studio/7.0/toolchain/avr8/avr8-gnu-toolchain/bin/../lib/gcc/avr/5.4.0/../../../../avr/lib/avr6\libm.a(fixsfsi.o)
                              application/application.o (__fixsfsi)
c:/program files (x86)/atmel/studio/7.0/toolchain/avr8/avr8-gnu-toolchain/bin/../lib/gcc/avr/5.4.0/../../../../avr/lib/avr6\libm.a(fixunssfsi.o)
                              c:/program files (x86)/atmel/studio/7.0/toolchain/avr8/avr8-gnu-toolchain/bin/../lib/gcc/avr/5.4.0/../../../../avr/lib/avr6\libm.a(fixsfsi.o) (__fixunssfsi)
c:/program files (x86)/atmel/studio/7.0/toolchain/avr8/avr8-gnu-toolchain/bin/../lib/gcc/avr/5.4.0/../../../../avr/lib/avr6\libm.a(floatsisf.o)
                              application/application.o (__floatsisf)
c:/program files (x86)/atmel/studio/7.0/toolchain/avr8/avr8-gnu-toolchain/bin/../lib/gcc/avr/5.4.0/../../../../avr/lib/avr6\libm.a(fp_cmp.o)
                              c:/program files (x86)/atmel/studio/7.0/toolchain/avr8/avr8-gnu-toolchain/bin/../lib/gcc/avr/5.4.0/../../../../avr/lib/avr6\libm.a(cmpsf2.o) (__fp_cmp)
c:/program files (x86)/atmel/studio/7.0/toolchain/avr8/avr8-gnu-toolchain/bin/../lib/gcc/avr/5.4.0/../../../../avr/lib/avr6\libm.a(fp_inf.o)
                              c:/program files (x86)/atmel/studio/7.0/toolchain/avr8/avr8-gnu-toolchain/bin/../lib/gcc/avr/5.4.0/../../../../avr/lib/avr6\libm.a(addsf3x.o) (__fp_inf)
c:/program files (x86)/atmel/studio/7.0/toolchain/avr8/avr8-gnu-toolchain/bin/../lib/gcc/avr/5.4.0/../../../../avr/lib/avr6\libm.a(fp_nan.o)
                              c:/program files (x86)/atmel/studio/7.0/toolchain/avr8/avr8-gnu-toolchain/bin/../lib/gcc/avr/5.4.0/../../../../avr/lib/avr6\libm.a(addsf3x.o) (__fp_nan)
c:/program files (x86)/atmel/studio/7.0/toolchain/avr8/avr8-gnu-toolchain/bin/../lib/gcc/avr/5.4.0/../../../../avr/lib/avr6\libm.a(fp_pscA.o)
                              c:/program files (x86)/atmel/studio/7.0/toolchain/avr8/avr8-gnu-toolchain/bin/../lib/gcc/avr/5.4.0/../../../../avr/lib/avr6\libm.a(addsf3x.o) (__fp_pscA)
c:/program files (x86)/atmel/studio/7.0/toolchain/avr8/avr8-gnu-toolchain/bin/../lib/gcc/avr/5.4.0/../../../../avr/lib/avr6\libm.a(fp_pscB.o)
                              c:/program files (x86)/atmel/studio/7.0/toolchain/avr8/avr8-gnu-toolchain/bin/../lib/gcc/avr/5.4.0/../../../../avr/lib/avr6\libm.a(addsf3x.o) (__fp_pscB)
c:/program files (x86)/atmel/studio/7.0/toolchain/avr8/avr8-gnu-toolchain/bin/../lib/gcc/avr/5.4.0/../../../../avr/lib/avr6\libm.a(fp_round.o)
                              c:/program files (x86)/atmel/studio/7.0/toolchain/avr8/avr8-gnu-toolchain/bin/../lib/gcc/avr/5.4.0/../../../../avr/lib/avr6\libm.a(addsf3.o) (__fp_round)
c:/program files (x86)/atmel/studio/7.0/toolchain/avr8/avr8-gnu-toolchain/bin/../lib/gcc/avr/5.4.0/../../../../avr/lib/avr6\libm.a(fp_split3.o)
                              c:/program files (x86)/atmel/studio/7.0/toolchain/avr8/avr8-gnu-toolchain/bin/../lib/gcc/avr/5.4.0/../../../../avr/lib/avr6\libm.a(addsf3x.o) (__fp_split3)
c:/program files (x86)/atmel/studio/7.0/toolchain/avr8/avr8-gnu-toolchain/bin/../lib/gcc/avr/5.4.0/../../../../avr/lib/avr6\libm.a(fp_zero.o)
                              c:/program files (x86)/atmel/studio/7.0/toolchain/avr8/avr8-gnu-toolchain/bin/../lib/gcc/avr/5.4.0/../../../../avr/lib/avr6\libm.a(addsf3x.o) (__fp_zero)
c:/program files (x86)/atmel/studio/7.0/toolchain/avr8/avr8-gnu-toolchain/bin/../lib/gcc/avr/5.4.0/../../../../avr/lib/avr6\libm.a(gesf2.o)
                              application/application.o (__gesf2)
c:/program files (x86)/atmel/studio/7.0/toolchain/avr8/avr8-gnu-toolchain/bin/../lib/gcc/avr/5.4.0/../../../../avr/lib/avr6\libm.a(mulsf3.o)
                              application/application.o (__mulsf3)
c:/program files (x86)/atmel/studio/7.0/toolchain/avr8/avr8-gnu-toolchain/bin/../lib/gcc/avr/5.4.0/../../../../avr/lib/avr6\libm.a(mulsf3x.o)
                              c:/program files (x86)/atmel/studio/7.0/toolchain/avr8/avr8-gnu-toolchain/bin/../lib/gcc/avr/5.4.0/../../../../avr/lib/avr6\libm.a(mulsf3.o) (__mulsf3x)
[...]
Memory Configuration

Name             Origin             Length             Attributes
text             0x00000000         0x00100000         xr
data             0x00800200         0x0000fe00         rw !x
eeprom           0x00810000         0x00010000         rw !x
fuse             0x00820000         0x00000003         rw !x
lock             0x00830000         0x00000400         rw !x
signature        0x00840000         0x00000400         rw !x
user_signatures  0x00850000         0x00000400         rw !x
*default*        0x00000000         0xffffffff

Linker script and memory map

Address of section .data set to 0x800200
LOAD C:/Program Files (x86)/Atmel/Studio/7.0/Packs/atmel/ATmega_DFP/1.1.130/gcc/dev/atmega2560/avr6/crtatmega2560.o
LOAD application/application.o
LOAD devices/adc.o
LOAD devices/key.o
LOAD devices/lcd_ard.o
LOAD devices/led.o
LOAD ds1820/crc8.o
LOAD ds1820/ds18x20.o
LOAD ds1820/onewire.o
LOAD freertos/croutine.o
LOAD freertos/heap_1.o
LOAD freertos/list.o
LOAD freertos/port.o
LOAD freertos/queue.o
LOAD freertos/tasks.o
LOAD protocol/io.o
LOAD protocol/protocol.o
LOAD freertos/serial.o
START GROUP
LOAD c:/program files (x86)/atmel/studio/7.0/toolchain/avr8/avr8-gnu-toolchain/bin/../lib/gcc/avr/5.4.0/../../../../avr/lib/avr6\libm.a
END GROUP
START GROUP
LOAD c:/program files (x86)/atmel/studio/7.0/toolchain/avr8/avr8-gnu-toolchain/bin/../lib/gcc/avr/5.4.0/avr6\libgcc.a
LOAD c:/program files (x86)/atmel/studio/7.0/toolchain/avr8/avr8-gnu-toolchain/bin/../lib/gcc/avr/5.4.0/../../../../avr/lib/avr6\libm.a
LOAD c:/program files (x86)/atmel/studio/7.0/toolchain/avr8/avr8-gnu-toolchain/bin/../lib/gcc/avr/5.4.0/../../../../avr/lib/avr6\libc.a
LOAD C:/Program Files (x86)/Atmel/Studio/7.0/Packs/atmel/ATmega_DFP/1.1.130/gcc/dev/atmega2560/avr6\libatmega2560.a
END GROUP
                0x00100000                __TEXT_REGION_LENGTH__ = DEFINED (__TEXT_REGION_LENGTH__)?__TEXT_REGION_LENGTH__:0x100000
                0x0000fe00                __DATA_REGION_LENGTH__ = DEFINED (__DATA_REGION_LENGTH__)?__DATA_REGION_LENGTH__:0xfe00
                0x00010000                __EEPROM_REGION_LENGTH__ = DEFINED (__EEPROM_REGION_LENGTH__)?__EEPROM_REGION_LENGTH__:0x10000
                [0x00000003]                __FUSE_REGION_LENGTH__ = DEFINED (__FUSE_REGION_LENGTH__)?__FUSE_REGION_LENGTH__:0x400
                0x00000400                __LOCK_REGION_LENGTH__ = DEFINED (__LOCK_REGION_LENGTH__)?__LOCK_REGION_LENGTH__:0x400
                0x00000400                __SIGNATURE_REGION_LENGTH__ = DEFINED (__SIGNATURE_REGION_LENGTH__)?__SIGNATURE_REGION_LENGTH__:0x400
                0x00000400                __USER_SIGNATURE_REGION_LENGTH__ = DEFINED (__USER_SIGNATURE_REGION_LENGTH__)?__USER_SIGNATURE_REGION_LENGTH__:0x400

.hash
 *(.hash)

.dynsym
 *(.dynsym)

.dynstr
 *(.dynstr)

.gnu.version
 *(.gnu.version)

.gnu.version_d
 *(.gnu.version_d)

.gnu.version_r
 *(.gnu.version_r)

.rel.init
 *(.rel.init)

.rela.init
 *(.rela.init)

.rel.text
 *(.rel.text)
 *(.rel.text.*)
 *(.rel.gnu.linkonce.t*)

.rela.text
 *(.rela.text)
 *(.rela.text.*)
 *(.rela.gnu.linkonce.t*)

.rel.fini
 *(.rel.fini)

.rela.fini
 *(.rela.fini)

.rel.rodata
 *(.rel.rodata)
 *(.rel.rodata.*)
 *(.rel.gnu.linkonce.r*)

.rela.rodata
 *(.rela.rodata)
 *(.rela.rodata.*)
 *(.rela.gnu.linkonce.r*)

.rel.data
 *(.rel.data)
 *(.rel.data.*)
 *(.rel.gnu.linkonce.d*)

.rela.data
 *(.rela.data)
 *(.rela.data.*)
 *(.rela.gnu.linkonce.d*)

.rel.ctors
 *(.rel.ctors)

.rela.ctors
 *(.rela.ctors)

.rel.dtors
 *(.rel.dtors)

.rela.dtors
 *(.rela.dtors)

.rel.got
 *(.rel.got)

.rela.got
 *(.rela.got)

.rel.bss
 *(.rel.bss)

.rela.bss
 *(.rela.bss)

.rel.plt
 *(.rel.plt)

.rela.plt
 *(.rela.plt)

.text           0x00000000     0x49c6
 *(.vectors)
 .vectors       0x00000000       0xe4 C:/Program Files (x86)/Atmel/Studio/7.0/Packs/atmel/ATmega_DFP/1.1.130/gcc/dev/atmega2560/avr6/crtatmega2560.o
                0x00000000                __vector_default
                0x00000000                __vectors
 *(.vectors)
 *(.progmem.gcc*)
 .progmem.gcc_sw_table.xSerialPutChar
                0x000000e4       0x10 freertos/serial.o
 .progmem.gcc_sw_table.xSerialPortInitMinimal
                0x000000f4       0x10 freertos/serial.o
                0x00000104                . = ALIGN (0x2)
                0x00000104                __trampolines_start = .
 *(.trampolines)
 .trampolines   0x00000104        0x0 linker stubs
 *(.trampolines*)
                0x00000104                __trampolines_end = .
 *libprintf_flt.a:*(.progmem.data)
 *libc.a:*(.progmem.data)
 *(.progmem*)
                0x00000104                . = ALIGN (0x2)
 *(.jumptables)
 *(.jumptables*)
 *(.lowtext)
 .lowtext       0x00000104      0x2e4 freertos/tasks.o
 *(.lowtext*)
                0x000003e8                __ctors_start = .
 *(.ctors)
                0x000003e8                __ctors_end = .
                0x000003e8                __dtors_start = .
 *(.dtors)
                0x000003e8                __dtors_end = .
 SORT(*)(.ctors)
 SORT(*)(.dtors)
 *(.init0)
 .init0         0x000003e8        0x0 C:/Program Files (x86)/Atmel/Studio/7.0/Packs/atmel/ATmega_DFP/1.1.130/gcc/dev/atmega2560/avr6/crtatmega2560.o
                0x000003e8                __init
 *(.init0)
 *(.init1)
 *(.init1)
 *(.init2)
 .init2         0x000003e8       0x10 C:/Program Files (x86)/Atmel/Studio/7.0/Packs/atmel/ATmega_DFP/1.1.130/gcc/dev/atmega2560/avr6/crtatmega2560.o
 *(.init2)
 *(.init3)
 *(.init3)
 *(.init4)
 .init4         0x000003f8       0x1a c:/program files (x86)/atmel/studio/7.0/toolchain/avr8/avr8-gnu-toolchain/bin/../lib/gcc/avr/5.4.0/avr6\libgcc.a(_copy_data.o)
                0x000003f8                __do_copy_data
 .init4         0x00000412       0x10 c:/program files (x86)/atmel/studio/7.0/toolchain/avr8/avr8-gnu-toolchain/bin/../lib/gcc/avr/5.4.0/avr6\libgcc.a(_clear_bss.o)
                0x00000412                __do_clear_bss
 *(.init4)
 *(.init5)
 *(.init5)
 *(.init6)
 *(.init6)
 *(.init7)
 *(.init7)
 *(.init8)
 *(.init8)
 *(.init9)
 .init9         0x00000422        0x6 C:/Program Files (x86)/Atmel/Studio/7.0/Packs/atmel/ATmega_DFP/1.1.130/gcc/dev/atmega2560/avr6/crtatmega2560.o
 *(.init9)
 *(.text)
 .text          0x00000428        0x2 C:/Program Files (x86)/Atmel/Studio/7.0/Packs/atmel/ATmega_DFP/1.1.130/gcc/dev/atmega2560/avr6/crtatmega2560.o
                0x00000428                __vector_38
                0x00000428                __vector_22
                0x00000428                __vector_28
                0x00000428                __vector_1
                0x00000428                __vector_32
                0x00000428                __vector_34
                0x00000428                __vector_24
                0x00000428                __vector_12
                0x00000428                __vector_46
                0x00000428                __bad_interrupt
                0x00000428                __vector_6
                0x00000428                __vector_31
                0x00000428                __vector_35
                0x00000428                __vector_39
                0x00000428                __vector_3
                0x00000428                __vector_23
                0x00000428                __vector_30
                0x00000428                __vector_45
                0x00000428                __vector_11
                0x00000428                __vector_19
                0x00000428                __vector_56
                0x00000428                __vector_7
                0x00000428                __vector_49
                0x00000428                __vector_41
                0x00000428                __vector_43
                0x00000428                __vector_27
                0x00000428                __vector_5
                0x00000428                __vector_33
                0x00000428                __vector_47
                0x00000428                __vector_4
                0x00000428                __vector_44
                0x00000428                __vector_9
                0x00000428                __vector_2
                0x00000428                __vector_15
                0x00000428                __vector_29
                0x00000428                __vector_40
                0x00000428                __vector_8
                0x00000428                __vector_48
                0x00000428                __vector_14
                0x00000428                __vector_53
                0x00000428                __vector_10
                0x00000428                __vector_50
                0x00000428                __vector_16
                0x00000428                __vector_18
                0x00000428                __vector_20
                0x00000428                __vector_42
 .text          0x0000042a       0x38 c:/program files (x86)/atmel/studio/7.0/toolchain/avr8/avr8-gnu-toolchain/bin/../lib/gcc/avr/5.4.0/../../../../avr/lib/avr6\libc.a(system_tick.o)
                0x0000042a                system_tick
                0x00000462                . = ALIGN (0x2)
 *(.text.*)
 .text.vKeyPadHandler
                0x00000462      0x104 application/application.o
 .text.vDoMeasurements
                0x00000566      0x110 application/application.o
 .text.main     0x00000676      0x130 application/application.o
                0x00000676                main
 .text.ShowTime
                0x000007a6       0xba application/application.o
                0x000007a6                ShowTime
 .text.vLcdHandler
                0x00000860      0x36c application/application.o
 .text.StartTimer
                0x00000bcc       0x14 application/application.o
                0x00000bcc                StartTimer
 .text.StartTimer2
                0x00000be0       0x1a application/application.o
                0x00000be0                StartTimer2
 .text.vClock   0x00000bfa       0xb4 application/application.o
 .text.__vector_21
                0x00000cae       0x98 application/application.o
                0x00000cae                __vector_21
 .text.__vector_13
                0x00000d46       0x32 application/application.o
                0x00000d46                __vector_13
 .text.ReadADC  0x00000d78       0x6c devices/adc.o
                0x00000d78                ReadADC
 .text.InitADC  0x00000de4       0x10 devices/adc.o
                0x00000de4                InitADC
 .text.GetKey   0x00000df4       0x76 devices/key.o
                0x00000df4                GetKey
 .text.lcd_write
                0x00000e6a      0x124 devices/lcd_ard.o
 .text.lcd_command
                0x00000f8e        0x8 devices/lcd_ard.o
                0x00000f8e                lcd_command
 .text.lcd_gotoxy
                0x00000f96       0x28 devices/lcd_ard.o
                0x00000f96                lcd_gotoxy
 .text.lcd_clrscr
                0x00000fbe       0x12 devices/lcd_ard.o
                0x00000fbe                lcd_clrscr
 .text.lcd_putc
                0x00000fd0        0x8 devices/lcd_ard.o
                0x00000fd0                lcd_putc
 .text.lcd_puts
                0x00000fd8       0x1e devices/lcd_ard.o
                0x00000fd8                lcd_puts
 .text.lcd_init
                0x00000ff6       0xa0 devices/lcd_ard.o
                0x00000ff6                lcd_init
 .text.crc8     0x00001096       0x38 ds1820/crc8.o
                0x00001096                crc8
 .text.read_scratchpad
                0x000010ce       0x4c ds1820/ds18x20.o
 .text.DS18X20_find_sensor
                0x0000111a       0x42 ds1820/ds18x20.o
                0x0000111a                DS18X20_find_sensor
 .text.DS18X20_start_meas
                0x0000115c       0x44 ds1820/ds18x20.o
                0x0000115c                DS18X20_start_meas
 .text.DS18X20_read_maxres
                0x000011a0      0x118 ds1820/ds18x20.o
                0x000011a0                DS18X20_read_maxres
 .text.ow_input_pin_state
                0x000012b8        0x6 ds1820/onewire.o
                0x000012b8                ow_input_pin_state
 .text.ow_parasite_enable
                0x000012be        0x6 ds1820/onewire.o
                0x000012be                ow_parasite_enable
 .text.ow_bit_io_intern
                0x000012c4       0x42 ds1820/onewire.o
 .text.ow_reset
                0x00001306       0x3c ds1820/onewire.o
                0x00001306                ow_reset
 .text.ow_bit_io
                0x00001342        0x8 ds1820/onewire.o
                0x00001342                ow_bit_io
 .text.ow_byte_wr
                0x0000134a       0x20 ds1820/onewire.o
                0x0000134a                ow_byte_wr
 .text.ow_byte_wr_with_parasite_enable
                0x0000136a       0x38 ds1820/onewire.o
                0x0000136a                ow_byte_wr_with_parasite_enable
 .text.ow_command_intern
                0x000013a2       0x4e ds1820/onewire.o
 .text.ow_byte_rd
                0x000013f0        0x6 ds1820/onewire.o
                0x000013f0                ow_byte_rd
 .text.ow_rom_search
                0x000013f6       0xa8 ds1820/onewire.o
                0x000013f6                ow_rom_search
 .text.ow_command
                0x0000149e        0x6 ds1820/onewire.o
                0x0000149e                ow_command
 .text.ow_command_with_parasite_enable
                0x000014a4        0x6 ds1820/onewire.o
                0x000014a4                ow_command_with_parasite_enable
 .text.search_sensors
                0x000014aa       0x9a ds1820/onewire.o
                0x000014aa                search_sensors
 .text.GetSensorCount
                0x00001544        0x4 ds1820/onewire.o
                0x00001544                GetSensorCount
 .text.GetTemperature
                0x00001548       0x60 ds1820/onewire.o
                0x00001548                GetTemperature
 .text.pvPortMalloc
                0x000015a8       0x6a freertos/heap_1.o
                0x000015a8                pvPortMalloc
 .text.vPortFree
                0x00001612        0x2 freertos/heap_1.o
                0x00001612                vPortFree
 .text.vListInitialise
                0x00001614       0x1c freertos/list.o
                0x00001614                vListInitialise
 .text.vListInitialiseItem
                0x00001630        0x8 freertos/list.o
                0x00001630                vListInitialiseItem
 .text.vListInsertEnd
                0x00001638       0x42 freertos/list.o
                0x00001638                vListInsertEnd
 .text.vListInsert
                0x0000167a       0x62 freertos/list.o
                0x0000167a                vListInsert
 .text.uxListRemove
                0x000016dc       0x4c freertos/list.o
                0x000016dc                uxListRemove
 .text.pxPortInitialiseStack
                0x00001728       0xe4 freertos/port.o
                0x00001728                pxPortInitialiseStack
 .text.xPortStartScheduler
                0x0000180c       0x92 freertos/port.o
                0x0000180c                xPortStartScheduler
 .text.vPortYield
                0x0000189e       0xc2 freertos/port.o
                0x0000189e                vPortYield
 .text.vPortYieldFromTick
                0x00001960       0xf4 freertos/port.o
                0x00001960                vPortYieldFromTick
 .text.__vector_17
                0x00001a54        0x4 freertos/port.o
                0x00001a54                __vector_17
 .text.xQueueGenericCreate
                0x00001a58       0x9c freertos/queue.o
                0x00001a58                xQueueGenericCreate
 .text.xQueueGenericSend
                0x00001af4      0x398 freertos/queue.o
                0x00001af4                xQueueGenericSend
 .text.xQueueGive
                0x00001e8c      0x2da freertos/queue.o
                0x00001e8c                xQueueGive
 .text.xQueueGiveFromISR
                0x00002166       0x56 freertos/queue.o
                0x00002166                xQueueGiveFromISR
 .text.xQueueGenericReceive
                0x000021bc      0x318 freertos/queue.o
                0x000021bc                xQueueGenericReceive
 .text.xTaskGenericCreate
                0x000024d4      0x220 freertos/tasks.o
                0x000024d4                xTaskGenericCreate
 .text.vTaskDelay
                0x000026f4      0x33c freertos/tasks.o
                0x000026f4                vTaskDelay
 .text.vTaskStartScheduler
                0x00002a30      0x1dc freertos/tasks.o
                0x00002a30                vTaskStartScheduler
 .text.vTaskSuspendAll
                0x00002c0c        0xc freertos/tasks.o
                0x00002c0c                vTaskSuspendAll
 .text.xTaskResumeAll
                0x00002c18      0x2a8 freertos/tasks.o
                0x00002c18                xTaskResumeAll
 .text.xTaskIncrementTick
                0x00002ec0      0x1b2 freertos/tasks.o
                0x00002ec0                xTaskIncrementTick
 .text.vTaskSwitchContext
                0x00003072       0xda freertos/tasks.o
                0x00003072                vTaskSwitchContext
 .text.vTaskPlaceOnEventList
                0x0000314c       0xb6 freertos/tasks.o
                0x0000314c                vTaskPlaceOnEventList
 .text.xTaskRemoveFromEventList
                0x00003202       0x90 freertos/tasks.o
                0x00003202                xTaskRemoveFromEventList
 .text.vTaskSetTimeOutState
                0x00003292       0x16 freertos/tasks.o
                0x00003292                vTaskSetTimeOutState
 .text.xTaskCheckForTimeOut
                0x000032a8       0x76 freertos/tasks.o
                0x000032a8                xTaskCheckForTimeOut
 .text.vTaskMissedYield
                0x0000331e        0x8 freertos/tasks.o
                0x0000331e                vTaskMissedYield
 .text.vTaskPriorityInherit
                0x00003326       0xc4 freertos/tasks.o
                0x00003326                vTaskPriorityInherit
 .text.xTaskPriorityDisinherit
                0x000033ea       0x80 freertos/tasks.o
                0x000033ea                xTaskPriorityDisinherit
 .text.pvTaskIncrementMutexHeldCount
                0x0000346a       0x24 freertos/tasks.o
                0x0000346a                pvTaskIncrementMutexHeldCount
 .text.xSerialPutChar
                0x0000348e      0x12a freertos/serial.o
                0x0000348e                xSerialPutChar
 .text.xSerialPortInitMinimal
                0x000035b8      0x466 freertos/serial.o
                0x000035b8                xSerialPortInitMinimal
 .text.__vector_25
                0x00003a1e       0xbe freertos/serial.o
                0x00003a1e                __vector_25
 .text.__vector_26
                0x00003adc       0x92 freertos/serial.o
                0x00003adc                __vector_26
 .text.__vector_36
                0x00003b6e       0xbe freertos/serial.o
                0x00003b6e                __vector_36
 .text.__vector_37
                0x00003c2c       0x92 freertos/serial.o
                0x00003c2c                __vector_37
 .text.__vector_51
                0x00003cbe       0xbe freertos/serial.o
                0x00003cbe                __vector_51
 .text.__vector_52
                0x00003d7c       0x92 freertos/serial.o
                0x00003d7c                __vector_52
 .text.__vector_54
                0x00003e0e       0xbe freertos/serial.o
                0x00003e0e                __vector_54
 .text.__vector_55
                0x00003ecc       0x92 freertos/serial.o
                0x00003ecc                __vector_55
 .text.avr-libc.fplib
                0x00003f5e        0xa c:/program files (x86)/atmel/studio/7.0/toolchain/avr8/avr8-gnu-toolchain/bin/../lib/gcc/avr/5.4.0/../../../../avr/lib/avr6\libm.a(addsf3.o)
                0x00003f5e                __subsf3
                0x00003f60                __addsf3
 .text.avr-libc.fplib
                0x00003f68       0xc0 c:/program files (x86)/atmel/studio/7.0/toolchain/avr8/avr8-gnu-toolchain/bin/../lib/gcc/avr/5.4.0/../../../../avr/lib/avr6\libm.a(addsf3x.o)
                0x00003f82                __addsf3x
 .text.avr-libc.fplib
                0x00004028        0x8 c:/program files (x86)/atmel/studio/7.0/toolchain/avr8/avr8-gnu-toolchain/bin/../lib/gcc/avr/5.4.0/../../../../avr/lib/avr6\libm.a(cmpsf2.o)
                0x00004028                __nesf2
                0x00004028                __eqsf2
                0x00004028                __cmpsf2
                0x00004028                __ltsf2
                0x00004028                __lesf2
 .text.avr-libc.fplib
                0x00004030        0xa c:/program files (x86)/atmel/studio/7.0/toolchain/avr8/avr8-gnu-toolchain/bin/../lib/gcc/avr/5.4.0/../../../../avr/lib/avr6\libm.a(fixsfsi.o)
                0x00004030                __fixsfsi
 .text.avr-libc.fplib
                0x0000403a       0x58 c:/program files (x86)/atmel/studio/7.0/toolchain/avr8/avr8-gnu-toolchain/bin/../lib/gcc/avr/5.4.0/../../../../avr/lib/avr6\libm.a(fixunssfsi.o)
                0x0000403a                __fixunssfsi
 .text.avr-libc.fplib
                0x00004092       0x7a c:/program files (x86)/atmel/studio/7.0/toolchain/avr8/avr8-gnu-toolchain/bin/../lib/gcc/avr/5.4.0/../../../../avr/lib/avr6\libm.a(floatsisf.o)
                0x00004092                __floatunsisf
                0x00004096                __floatsisf
 .text.avr-libc.fplib
                0x0000410c       0x48 c:/program files (x86)/atmel/studio/7.0/toolchain/avr8/avr8-gnu-toolchain/bin/../lib/gcc/avr/5.4.0/../../../../avr/lib/avr6\libm.a(fp_cmp.o)
                0x0000410c                __fp_cmp
 .text.avr-libc.fplib
                0x00004154        0xc c:/program files (x86)/atmel/studio/7.0/toolchain/avr8/avr8-gnu-toolchain/bin/../lib/gcc/avr/5.4.0/../../../../avr/lib/avr6\libm.a(fp_inf.o)
                0x00004154                __fp_inf
 .text.avr-libc.fplib
                0x00004160        0x6 c:/program files (x86)/atmel/studio/7.0/toolchain/avr8/avr8-gnu-toolchain/bin/../lib/gcc/avr/5.4.0/../../../../avr/lib/avr6\libm.a(fp_nan.o)
                0x00004160                __fp_nan
 .text.avr-libc.fplib
                0x00004166        0xe c:/program files (x86)/atmel/studio/7.0/toolchain/avr8/avr8-gnu-toolchain/bin/../lib/gcc/avr/5.4.0/../../../../avr/lib/avr6\libm.a(fp_pscA.o)
                0x00004166                __fp_pscA
 .text.avr-libc.fplib
                0x00004174        0xe c:/program files (x86)/atmel/studio/7.0/toolchain/avr8/avr8-gnu-toolchain/bin/../lib/gcc/avr/5.4.0/../../../../avr/lib/avr6\libm.a(fp_pscB.o)
                0x00004174                __fp_pscB
 .text.avr-libc.fplib
                0x00004182       0x22 c:/program files (x86)/atmel/studio/7.0/toolchain/avr8/avr8-gnu-toolchain/bin/../lib/gcc/avr/5.4.0/../../../../avr/lib/avr6\libm.a(fp_round.o)
                0x00004182                __fp_round
 .text.avr-libc.fplib
                0x000041a4       0x44 c:/program files (x86)/atmel/studio/7.0/toolchain/avr8/avr8-gnu-toolchain/bin/../lib/gcc/avr/5.4.0/../../../../avr/lib/avr6\libm.a(fp_split3.o)
                0x000041a4                __fp_split3
                0x000041b4                __fp_splitA
 .text.avr-libc.fplib
                0x000041e8        0xe c:/program files (x86)/atmel/studio/7.0/toolchain/avr8/avr8-gnu-toolchain/bin/../lib/gcc/avr/5.4.0/../../../../avr/lib/avr6\libm.a(fp_zero.o)
                0x000041e8                __fp_zero
                0x000041ea                __fp_szero
 .text.avr-libc.fplib
                0x000041f6        0x8 c:/program files (x86)/atmel/studio/7.0/toolchain/avr8/avr8-gnu-toolchain/bin/../lib/gcc/avr/5.4.0/../../../../avr/lib/avr6\libm.a(gesf2.o)
                0x000041f6                __gesf2
                0x000041f6                __gtsf2
 .text.avr-libc.fplib
                0x000041fe        0x4 c:/program files (x86)/atmel/studio/7.0/toolchain/avr8/avr8-gnu-toolchain/bin/../lib/gcc/avr/5.4.0/../../../../avr/lib/avr6\libm.a(mulsf3.o)
                0x000041fe                __mulsf3
 .text.avr-libc.fplib
                0x00004202       0xc2 c:/program files (x86)/atmel/studio/7.0/toolchain/avr8/avr8-gnu-toolchain/bin/../lib/gcc/avr/5.4.0/../../../../avr/lib/avr6\libm.a(mulsf3x.o)
                0x00004216                __mulsf3x
                0x0000421a                __mulsf3_pse
 .text.libgcc.div
                0x000042c4       0x28 c:/program files (x86)/atmel/studio/7.0/toolchain/avr8/avr8-gnu-toolchain/bin/../lib/gcc/avr/5.4.0/avr6\libgcc.a(_udivmodhi4.o)
                0x000042c4                __udivmodhi4
 .text.libgcc.div
                0x000042ec       0x26 c:/program files (x86)/atmel/studio/7.0/toolchain/avr8/avr8-gnu-toolchain/bin/../lib/gcc/avr/5.4.0/avr6\libgcc.a(_divmodhi4.o)
                0x000042ec                _div
                0x000042ec                __divmodhi4
 .text.libgcc.div
                0x00004312       0x44 c:/program files (x86)/atmel/studio/7.0/toolchain/avr8/avr8-gnu-toolchain/bin/../lib/gcc/avr/5.4.0/avr6\libgcc.a(_udivmodsi4.o)
                0x00004312                __udivmodsi4
 .text.libgcc.div
                0x00004356       0x28 c:/program files (x86)/atmel/studio/7.0/toolchain/avr8/avr8-gnu-toolchain/bin/../lib/gcc/avr/5.4.0/avr6\libgcc.a(_divmodsi4.o)
                0x00004356                __divmodsi4
 .text.libgcc.div
                0x0000437e       0x10 c:/program files (x86)/atmel/studio/7.0/toolchain/avr8/avr8-gnu-toolchain/bin/../lib/gcc/avr/5.4.0/avr6\libgcc.a(_negsi2.o)
                0x0000437e                __negsi2
 .text.libgcc   0x0000438e       0x10 c:/program files (x86)/atmel/studio/7.0/toolchain/avr8/avr8-gnu-toolchain/bin/../lib/gcc/avr/5.4.0/avr6\libgcc.a(_tablejump2.o)
                0x0000438e                __tablejump2__
 .text.libgcc.mul
                0x0000439e       0x1e c:/program files (x86)/atmel/studio/7.0/toolchain/avr8/avr8-gnu-toolchain/bin/../lib/gcc/avr/5.4.0/avr6\libgcc.a(_umulhisi3.o)
                0x0000439e                __umulhisi3
 .text.avr-libc
                0x000043bc       0x12 c:/program files (x86)/atmel/studio/7.0/toolchain/avr8/avr8-gnu-toolchain/bin/../lib/gcc/avr/5.4.0/../../../../avr/lib/avr6\libc.a(memcpy.o)
                0x000043bc                memcpy
 .text.avr-libc
                0x000043ce        0xe c:/program files (x86)/atmel/studio/7.0/toolchain/avr8/avr8-gnu-toolchain/bin/../lib/gcc/avr/5.4.0/../../../../avr/lib/avr6\libc.a(memset.o)
                0x000043ce                memset
 .text.avr-libc
                0x000043dc       0x14 c:/program files (x86)/atmel/studio/7.0/toolchain/avr8/avr8-gnu-toolchain/bin/../lib/gcc/avr/5.4.0/../../../../avr/lib/avr6\libc.a(itoa_ncheck.o)
                0x000043dc                __itoa_ncheck
 .text.avr-libc
                0x000043f0       0x32 c:/program files (x86)/atmel/studio/7.0/toolchain/avr8/avr8-gnu-toolchain/bin/../lib/gcc/avr/5.4.0/../../../../avr/lib/avr6\libc.a(utoa_ncheck.o)
                0x000043f0                __utoa_ncheck
                0x000043f2                __utoa_common
 .text.avr-libc
                0x00004422       0x26 c:/program files (x86)/atmel/studio/7.0/toolchain/avr8/avr8-gnu-toolchain/bin/../lib/gcc/avr/5.4.0/../../../../avr/lib/avr6\libc.a(printf.o)
                0x00004422                printf
 .text.avr-libc
                0x00004448      0x3fa c:/program files (x86)/atmel/studio/7.0/toolchain/avr8/avr8-gnu-toolchain/bin/../lib/gcc/avr/5.4.0/../../../../avr/lib/avr6\libc.a(vfprintf_std.o)
                0x00004448                vfprintf
 .text.avr-libc
                0x00004842       0x16 c:/program files (x86)/atmel/studio/7.0/toolchain/avr8/avr8-gnu-toolchain/bin/../lib/gcc/avr/5.4.0/../../../../avr/lib/avr6\libc.a(strnlen_P.o)
                0x00004842                strnlen_P
 .text.avr-libc
                0x00004858       0x16 c:/program files (x86)/atmel/studio/7.0/toolchain/avr8/avr8-gnu-toolchain/bin/../lib/gcc/avr/5.4.0/../../../../avr/lib/avr6\libc.a(strnlen.o)
                0x00004858                strnlen
 .text.avr-libc
                0x0000486e       0x20 c:/program files (x86)/atmel/studio/7.0/toolchain/avr8/avr8-gnu-toolchain/bin/../lib/gcc/avr/5.4.0/../../../../avr/lib/avr6\libc.a(strrev.o)
                0x0000486e                strrev
 .text.avr-libc
                0x0000488e       0x78 c:/program files (x86)/atmel/studio/7.0/toolchain/avr8/avr8-gnu-toolchain/bin/../lib/gcc/avr/5.4.0/../../../../avr/lib/avr6\libc.a(fputc.o)
                0x0000488e                fputc
 .text.avr-libc
                0x00004906       0xbc c:/program files (x86)/atmel/studio/7.0/toolchain/avr8/avr8-gnu-toolchain/bin/../lib/gcc/avr/5.4.0/../../../../avr/lib/avr6\libc.a(ultoa_invert.o)
                0x00004906                __ultoa_invert
                0x000049c2                . = ALIGN (0x2)
 *(.fini9)
 .fini9         0x000049c2        0x0 c:/program files (x86)/atmel/studio/7.0/toolchain/avr8/avr8-gnu-toolchain/bin/../lib/gcc/avr/5.4.0/avr6\libgcc.a(_exit.o)
                0x000049c2                _exit
                0x000049c2                exit
 *(.fini9)
 *(.fini8)
 *(.fini8)
 *(.fini7)
 *(.fini7)
 *(.fini6)
 *(.fini6)
 *(.fini5)
 *(.fini5)
 *(.fini4)
 *(.fini4)
 *(.fini3)
 *(.fini3)
 *(.fini2)
 *(.fini2)
 *(.fini1)
 *(.fini1)
 *(.fini0)
 .fini0         0x000049c2        0x4 c:/program files (x86)/atmel/studio/7.0/toolchain/avr8/avr8-gnu-toolchain/bin/../lib/gcc/avr/5.4.0/avr6\libgcc.a(_exit.o)
 *(.fini0)
                0x000049c6                _etext = .

.data           0x00800200      0x132 load address 0x000049c6
                0x00800200                PROVIDE (__data_start, .)
 *(.data)
 *(.data*)
 *(.gnu.linkonce.d*)
 *(.rodata)
 *(.rodata*)
 .rodata.str1.1
                0x00800200       0x4d application/application.o
 .rodata.str1.1
                0x0080024d       0xe0 ds1820/ds18x20.o
 .rodata.str1.1
                0x0080032d        0x5 freertos/tasks.o
 *(.gnu.linkonce.r*)
                0x00800332                . = ALIGN (0x2)
                0x00800332                _edata = .
                0x00800332                PROVIDE (__data_end, .)

.bss            0x00800332     0x1371
                0x00800332                PROVIDE (__bss_start, .)
 *(.bss)
 *(.bss*)
 .bss.msCounter.3056
                0x00800332        0x2 application/application.o
 .bss.xTaskWoken.3048
                0x00800334        0x1 application/application.o
 .bss.msCounter.3049
                0x00800335        0x2 application/application.o
 .bss.message.2984
                0x00800337        0x2 application/application.o
 .bss.numberOfSensors.2972
                0x00800339        0x1 application/application.o
 .bss.message.3025
                0x0080033a        0x2 application/application.o
 .bss.ch.3024   0x0080033c        0x1 application/application.o
 .bss.xClock    0x0080033d        0x2 application/application.o
 .bss.xADC      0x0080033f        0x2 application/application.o
 .bss.xDisplay  0x00800341        0x2 application/application.o
 .bss.tietoKanta
                0x00800343        0xc application/application.o
                0x00800343                tietoKanta
 .bss.ints      0x0080034f       0x14 application/application.o
                0x0080034f                ints
 .bss.secondsFromMidNight
                0x00800363        0x2 application/application.o
                0x00800363                secondsFromMidNight
 .bss.pucAlignedHeap.2023
                0x00800365        0x2 freertos/heap_1.o
 .bss.xNextFreeByte
                0x00800367        0x2 freertos/heap_1.o
 .bss.ucHeap    0x00800369     0x1200 freertos/heap_1.o
 .bss.uxSchedulerSuspended
                0x00801569        0x1 freertos/tasks.o
 .bss.xNextTaskUnblockTime
                0x0080156a        0x2 freertos/tasks.o
 .bss.uxTaskNumber
                0x0080156c        0x1 freertos/tasks.o
 .bss.xNumOfOverflows
                0x0080156d        0x1 freertos/tasks.o
 .bss.xYieldPending
                0x0080156e        0x1 freertos/tasks.o
 .bss.uxPendedTicks
                0x0080156f        0x1 freertos/tasks.o
 .bss.xSchedulerRunning
                0x00801570        0x1 freertos/tasks.o
 .bss.uxTopReadyPriority
                0x00801571        0x1 freertos/tasks.o
 .bss.xTickCount
                0x00801572        0x2 freertos/tasks.o
 .bss.uxCurrentNumberOfTasks
                0x00801574        0x1 freertos/tasks.o
 .bss.xSuspendedTaskList
                0x00801575        0x9 freertos/tasks.o
 .bss.uxTasksDeleted
                0x0080157e        0x1 freertos/tasks.o
 .bss.xTasksWaitingTermination
                0x0080157f        0x9 freertos/tasks.o
 .bss.xPendingReadyList
                0x00801588        0x9 freertos/tasks.o
 .bss.pxOverflowDelayedTaskList
                0x00801591        0x2 freertos/tasks.o
 .bss.pxDelayedTaskList
                0x00801593        0x2 freertos/tasks.o
 .bss.xDelayedTaskList2
                0x00801595        0x9 freertos/tasks.o
 .bss.xDelayedTaskList1
                0x0080159e        0x9 freertos/tasks.o
 .bss.pxReadyTasksLists
                0x008015a7       0x24 freertos/tasks.o
 .bss.pxCurrentTCB
                0x008015cb        0x2 freertos/tasks.o
                0x008015cb                pxCurrentTCB
 *(COMMON)
 COMMON         0x008015cd       0x22 application/application.o
                0x008015cd                xSerialPort
 COMMON         0x008015ef       0x40 ds1820/onewire.o
                0x008015ef                getSensorIDs
 COMMON         0x0080162f        0x4 freertos/port.o
                0x0080162f                portTickRateHz
                0x00801631                ticksRemainingInSec
 COMMON         0x00801633       0x66 freertos/serial.o
                0x00801633                xSerial2Port
                0x00801655                xSerial3Port
                0x00801677                xSerial1Port
 COMMON         0x00801699        0x6 c:/program files (x86)/atmel/studio/7.0/toolchain/avr8/avr8-gnu-toolchain/bin/../lib/gcc/avr/5.4.0/../../../../avr/lib/avr6\libc.a(iob.o)
                0x00801699                __iob
 COMMON         0x0080169f        0x4 c:/program files (x86)/atmel/studio/7.0/toolchain/avr8/avr8-gnu-toolchain/bin/../lib/gcc/avr/5.4.0/../../../../avr/lib/avr6\libc.a(system_time.o)
                0x0080169f                __system_time
                0x008016a3                PROVIDE (__bss_end, .)
                0x000049c6                __data_load_start = LOADADDR (.data)
                0x00004af8                __data_load_end = (__data_load_start + SIZEOF (.data))

.noinit         0x008016a3        0x0
                [!provide]                PROVIDE (__noinit_start, .)
 *(.noinit*)
                [!provide]                PROVIDE (__noinit_end, .)
                0x008016a3                _end = .
                [!provide]                PROVIDE (__heap_start, .)

.eeprom         0x00810000        0x0
 *(.eeprom*)
                0x00810000                __eeprom_end = .

.fuse
 *(.fuse)
 *(.lfuse)
 *(.hfuse)
 *(.efuse)

.lock
 *(.lock*)

.signature
 *(.signature*)

.user_signatures
 *(.user_signatures*)

.stab
 *(.stab)

.stabstr
 *(.stabstr)

.stab.excl
 *(.stab.excl)

.stab.exclstr
 *(.stab.exclstr)

.stab.index
 *(.stab.index)

.stab.indexstr
 *(.stab.indexstr)

.comment        0x00000000       0x5c
 *(.comment)
 .comment       0x00000000       0x30 application/application.o
                                 0x31 (size before relaxing)
 .comment       0x00000030       0x31 devices/adc.o
 .comment       0x00000030       0x31 devices/key.o
 .comment       0x00000030       0x31 devices/lcd_ard.o
 .comment       0x00000030       0x31 ds1820/crc8.o
 .comment       0x00000030       0x31 ds1820/ds18x20.o
 .comment       0x00000030       0x31 ds1820/onewire.o
 .comment       0x00000030       0x31 freertos/heap_1.o
 .comment       0x00000030       0x31 freertos/list.o
 .comment       0x00000030       0x31 freertos/port.o
 .comment       0x00000030       0x31 freertos/queue.o
 .comment       0x00000030       0x31 freertos/tasks.o
 .comment       0x00000030       0x31 freertos/serial.o
 .comment       0x00000030       0x31 c:/program files (x86)/atmel/studio/7.0/toolchain/avr8/avr8-gnu-toolchain/bin/../lib/gcc/avr/5.4.0/../../../../avr/lib/avr6\libc.a(printf.o)
 .comment       0x00000030       0x2c c:/program files (x86)/atmel/studio/7.0/toolchain/avr8/avr8-gnu-toolchain/bin/../lib/gcc/avr/5.4.0/../../../../avr/lib/avr6\libc.a(vfprintf_std.o)
                                 0x2d (size before relaxing)
 .comment       0x0000005c       0x31 c:/program files (x86)/atmel/studio/7.0/toolchain/avr8/avr8-gnu-toolchain/bin/../lib/gcc/avr/5.4.0/../../../../avr/lib/avr6\libc.a(fputc.o)
 .comment       0x0000005c       0x31 c:/program files (x86)/atmel/studio/7.0/toolchain/avr8/avr8-gnu-toolchain/bin/../lib/gcc/avr/5.4.0/../../../../avr/lib/avr6\libc.a(iob.o)
 .comment       0x0000005c       0x31 c:/program files (x86)/atmel/studio/7.0/toolchain/avr8/avr8-gnu-toolchain/bin/../lib/gcc/avr/5.4.0/../../../../avr/lib/avr6\libc.a(system_time.o)

.note.gnu.avr.deviceinfo
                0x00000000       0x40
 .note.gnu.avr.deviceinfo
                0x00000000       0x40 C:/Program Files (x86)/Atmel/Studio/7.0/Packs/atmel/ATmega_DFP/1.1.130/gcc/dev/atmega2560/avr6/crtatmega2560.o

.note.gnu.build-id
 *(.note.gnu.build-id)

.debug
 *(.debug)

.line
 *(.line)

.debug_srcinfo
 *(.debug_srcinfo)

.debug_sfnames
 *(.debug_sfnames)

.debug_aranges  0x00000000      0x698
 *(.debug_aranges)
 .debug_aranges
                0x00000000       0x68 application/application.o
 .debug_aranges
                0x00000068       0x28 devices/adc.o
 .debug_aranges
                0x00000090       0x20 devices/key.o
 .debug_aranges
                0x000000b0       0x60 devices/lcd_ard.o
 .debug_aranges
                0x00000110       0x20 ds1820/crc8.o
 .debug_aranges
                0x00000130       0x70 ds1820/ds18x20.o
 .debug_aranges
                0x000001a0       0x98 ds1820/onewire.o
 .debug_aranges
                0x00000238       0x38 freertos/heap_1.o
 .debug_aranges
                0x00000270       0x40 freertos/list.o
 .debug_aranges
                0x000002b0       0x48 freertos/port.o
 .debug_aranges
                0x000002f8       0xb0 freertos/queue.o
 .debug_aranges
                0x000003a8      0x150 freertos/tasks.o
 .debug_aranges
                0x000004f8      0x1a0 freertos/serial.o

.debug_pubnames
 *(.debug_pubnames)

.debug_info     0x00000000     0xa6f7
 *(.debug_info .gnu.linkonce.wi.*)
 .debug_info    0x00000000      0xbbc C:/Program Files (x86)/Atmel/Studio/7.0/Packs/atmel/ATmega_DFP/1.1.130/gcc/dev/atmega2560/avr6/crtatmega2560.o
 .debug_info    0x00000bbc     0x104e application/application.o
 .debug_info    0x00001c0a       0xed devices/adc.o
 .debug_info    0x00001cf7       0xf1 devices/key.o
 .debug_info    0x00001de8      0x6c5 devices/lcd_ard.o
 .debug_info    0x000024ad      0x104 ds1820/crc8.o
 .debug_info    0x000025b1      0x92b ds1820/ds18x20.o
 .debug_info    0x00002edc      0x8c1 ds1820/onewire.o
 .debug_info    0x0000379d      0x1a4 freertos/heap_1.o
 .debug_info    0x00003941      0x2c6 freertos/list.o
 .debug_info    0x00003c07      0x2ab freertos/port.o
 .debug_info    0x00003eb2     0x1e25 freertos/queue.o
 .debug_info    0x00005cd7     0x278c freertos/tasks.o
 .debug_info    0x00008463     0x2294 freertos/serial.o

.debug_abbrev   0x00000000     0x24a4
 *(.debug_abbrev)
 .debug_abbrev  0x00000000      0xb1a C:/Program Files (x86)/Atmel/Studio/7.0/Packs/atmel/ATmega_DFP/1.1.130/gcc/dev/atmega2560/avr6/crtatmega2560.o
 .debug_abbrev  0x00000b1a      0x35d application/application.o
 .debug_abbrev  0x00000e77       0xa5 devices/adc.o
 .debug_abbrev  0x00000f1c       0xa7 devices/key.o
 .debug_abbrev  0x00000fc3      0x1c5 devices/lcd_ard.o
 .debug_abbrev  0x00001188       0x8b ds1820/crc8.o
 .debug_abbrev  0x00001213      0x291 ds1820/ds18x20.o
 .debug_abbrev  0x000014a4      0x2b2 ds1820/onewire.o
 .debug_abbrev  0x00001756      0x11c freertos/heap_1.o
 .debug_abbrev  0x00001872       0xf8 freertos/list.o
 .debug_abbrev  0x0000196a      0x151 freertos/port.o
 .debug_abbrev  0x00001abb      0x28b freertos/queue.o
 .debug_abbrev  0x00001d46      0x372 freertos/tasks.o
 .debug_abbrev  0x000020b8      0x3ec freertos/serial.o

.debug_line     0x00000000     0x68d9
 *(.debug_line .debug_line.* .debug_line_end)
 .debug_line    0x00000000      0x1f9 C:/Program Files (x86)/Atmel/Studio/7.0/Packs/atmel/ATmega_DFP/1.1.130/gcc/dev/atmega2560/avr6/crtatmega2560.o
 .debug_line    0x000001f9      0x796 application/application.o
 .debug_line    0x0000098f      0x12c devices/adc.o
 .debug_line    0x00000abb       0xbf devices/key.o
 .debug_line    0x00000b7a      0x407 devices/lcd_ard.o
 .debug_line    0x00000f81       0xf0 ds1820/crc8.o
 .debug_line    0x00001071      0x502 ds1820/ds18x20.o
 .debug_line    0x00001573      0x507 ds1820/onewire.o
 .debug_line    0x00001a7a      0x1ba freertos/heap_1.o
 .debug_line    0x00001c34      0x1e6 freertos/list.o
 .debug_line    0x00001e1a      0x2ea freertos/port.o
 .debug_line    0x00002104     0x155f freertos/queue.o
 .debug_line    0x00003663     0x17a5 freertos/tasks.o
 .debug_line    0x00004e08     0x1ad1 freertos/serial.o

.debug_frame    0x00000000     0x1904
 *(.debug_frame)
 .debug_frame   0x00000000      0x174 application/application.o
 .debug_frame   0x00000174       0x40 devices/adc.o
 .debug_frame   0x000001b4       0x38 devices/key.o
 .debug_frame   0x000001ec       0xd0 devices/lcd_ard.o
 .debug_frame   0x000002bc       0x24 ds1820/crc8.o
 .debug_frame   0x000002e0      0x1f4 ds1820/ds18x20.o
 .debug_frame   0x000004d4      0x1c0 ds1820/onewire.o
 .debug_frame   0x00000694       0x60 freertos/heap_1.o
 .debug_frame   0x000006f4       0x88 freertos/list.o
 .debug_frame   0x0000077c       0x74 freertos/port.o
 .debug_frame   0x000007f0      0x360 freertos/queue.o
 .debug_frame   0x00000b50      0x544 freertos/tasks.o
 .debug_frame   0x00001094      0x870 freertos/serial.o

.debug_str      0x00000000     0x2188
 *(.debug_str)
 .debug_str     0x00000000      0x3e6 C:/Program Files (x86)/Atmel/Studio/7.0/Packs/atmel/ATmega_DFP/1.1.130/gcc/dev/atmega2560/avr6/crtatmega2560.o
 .debug_str     0x000003e6      0x5a2 application/application.o
                                0x5fc (size before relaxing)
 .debug_str     0x00000988       0x35 devices/adc.o
                                0x1d4 (size before relaxing)
 .debug_str     0x000009bd       0x11 devices/key.o
                                0x1c6 (size before relaxing)
 .debug_str     0x000009ce       0x73 devices/lcd_ard.o
                                0x29c (size before relaxing)
 .debug_str     0x00000a41       0x52 ds1820/crc8.o
                                0x1fa (size before relaxing)
 .debug_str     0x00000a93      0x23a ds1820/ds18x20.o
                                0x466 (size before relaxing)
 .debug_str     0x00000ccd       0xa4 ds1820/onewire.o
                                0x3b5 (size before relaxing)
 .debug_str     0x00000d71       0xb6 freertos/heap_1.o
                                0x267 (size before relaxing)
 .debug_str     0x00000e27      0x130 freertos/list.o
                                0x2ed (size before relaxing)
 .debug_str     0x00000f57      0x142 freertos/port.o
                                0x31f (size before relaxing)
 .debug_str     0x00001099      0x478 freertos/queue.o
                                0x7da (size before relaxing)
 .debug_str     0x00001511      0x83a freertos/tasks.o
                                0xd81 (size before relaxing)
 .debug_str     0x00001d4b      0x43d freertos/serial.o
                                0x7d7 (size before relaxing)

.debug_loc      0x00000000     0xa5ca
 *(.debug_loc)
 .debug_loc     0x00000000      0x99e application/application.o
 .debug_loc     0x0000099e       0xf8 devices/adc.o
 .debug_loc     0x00000a96       0xe5 devices/key.o
 .debug_loc     0x00000b7b      0x607 devices/lcd_ard.o
 .debug_loc     0x00001182      0x1c0 ds1820/crc8.o
 .debug_loc     0x00001342      0xd4c ds1820/ds18x20.o
 .debug_loc     0x0000208e      0x961 ds1820/onewire.o
 .debug_loc     0x000029ef       0xf1 freertos/heap_1.o
 .debug_loc     0x00002ae0      0x145 freertos/list.o
 .debug_loc     0x00002c25      0x2e9 freertos/port.o
 .debug_loc     0x00002f0e     0x1fb5 freertos/queue.o
 .debug_loc     0x00004ec3     0x29a7 freertos/tasks.o
 .debug_loc     0x0000786a     0x2d60 freertos/serial.o

.debug_macinfo
 *(.debug_macinfo)

.debug_weaknames
 *(.debug_weaknames)

.debug_funcnames
 *(.debug_funcnames)

.debug_typenames
 *(.debug_typenames)

.debug_varnames
 *(.debug_varnames)

.debug_pubtypes
 *(.debug_pubtypes)

.debug_ranges   0x00000000      0xba8
 *(.debug_ranges)
 .debug_ranges  0x00000000       0x58 application/application.o
 .debug_ranges  0x00000058       0x18 devices/adc.o
 .debug_ranges  0x00000070       0x10 devices/key.o
 .debug_ranges  0x00000080       0x68 devices/lcd_ard.o
 .debug_ranges  0x000000e8       0x10 ds1820/crc8.o
 .debug_ranges  0x000000f8       0x90 ds1820/ds18x20.o
 .debug_ranges  0x00000188       0x88 ds1820/onewire.o
 .debug_ranges  0x00000210       0x28 freertos/heap_1.o
 .debug_ranges  0x00000238       0x30 freertos/list.o
 .debug_ranges  0x00000268       0x38 freertos/port.o
 .debug_ranges  0x000002a0      0x1b0 freertos/queue.o
 .debug_ranges  0x00000450      0x368 freertos/tasks.o
 .debug_ranges  0x000007b8      0x3f0 freertos/serial.o

.debug_macro
 *(.debug_macro)
OUTPUT(Atmega2560.elf elf32-avr)
LOAD linker stubs
