Archive member included to satisfy reference by file (symbol)

d:/7.0/toolchain/avr8/avr8-gnu-toolchain/bin/../lib/gcc/avr/5.4.0/../../../../avr/lib/avr6\libm.a(fixsfsi.o)
                              application/application.o (__fixsfsi)
d:/7.0/toolchain/avr8/avr8-gnu-toolchain/bin/../lib/gcc/avr/5.4.0/../../../../avr/lib/avr6\libm.a(fixunssfsi.o)
                              d:/7.0/toolchain/avr8/avr8-gnu-toolchain/bin/../lib/gcc/avr/5.4.0/../../../../avr/lib/avr6\libm.a(fixsfsi.o) (__fixunssfsi)
d:/7.0/toolchain/avr8/avr8-gnu-toolchain/bin/../lib/gcc/avr/5.4.0/../../../../avr/lib/avr6\libm.a(floatsisf.o)
                              application/application.o (__floatsisf)
d:/7.0/toolchain/avr8/avr8-gnu-toolchain/bin/../lib/gcc/avr/5.4.0/../../../../avr/lib/avr6\libm.a(fp_split3.o)
                              d:/7.0/toolchain/avr8/avr8-gnu-toolchain/bin/../lib/gcc/avr/5.4.0/../../../../avr/lib/avr6\libm.a(fixunssfsi.o) (__fp_splitA)
d:/7.0/toolchain/avr8/avr8-gnu-toolchain/bin/../lib/gcc/avr/5.4.0/../../../../avr/lib/avr6\libm.a(fp_zero.o)
                              d:/7.0/toolchain/avr8/avr8-gnu-toolchain/bin/../lib/gcc/avr/5.4.0/../../../../avr/lib/avr6\libm.a(fixunssfsi.o) (__fp_zero)
d:/7.0/toolchain/avr8/avr8-gnu-toolchain/bin/../lib/gcc/avr/5.4.0/avr6\libgcc.a(_udivmodhi4.o)
                              application/application.o (__udivmodhi4)
d:/7.0/toolchain/avr8/avr8-gnu-toolchain/bin/../lib/gcc/avr/5.4.0/avr6\libgcc.a(_divmodhi4.o)
                              devices/key.o (__divmodhi4)
d:/7.0/toolchain/avr8/avr8-gnu-toolchain/bin/../lib/gcc/avr/5.4.0/avr6\libgcc.a(_udivmodsi4.o)
                              freertos/serial.o (__udivmodsi4)
d:/7.0/toolchain/avr8/avr8-gnu-toolchain/bin/../lib/gcc/avr/5.4.0/avr6\libgcc.a(_divmodsi4.o)
                              application/application.o (__divmodsi4)
d:/7.0/toolchain/avr8/avr8-gnu-toolchain/bin/../lib/gcc/avr/5.4.0/avr6\libgcc.a(_negsi2.o)
                              d:/7.0/toolchain/avr8/avr8-gnu-toolchain/bin/../lib/gcc/avr/5.4.0/avr6\libgcc.a(_divmodsi4.o) (__negsi2)
d:/7.0/toolchain/avr8/avr8-gnu-toolchain/bin/../lib/gcc/avr/5.4.0/avr6\libgcc.a(_exit.o)
                              D:/7.0/Packs/atmel/ATmega_DFP/1.1.130/gcc/dev/atmega2560/avr6/crtatmega2560.o (exit)
d:/7.0/toolchain/avr8/avr8-gnu-toolchain/bin/../lib/gcc/avr/5.4.0/avr6\libgcc.a(_tablejump2.o)
                              freertos/serial.o (__tablejump2__)
d:/7.0/toolchain/avr8/avr8-gnu-toolchain/bin/../lib/gcc/avr/5.4.0/avr6\libgcc.a(_copy_data.o)
                              application/application.o (__do_copy_data)
d:/7.0/toolchain/avr8/avr8-gnu-toolchain/bin/../lib/gcc/avr/5.4.0/avr6\libgcc.a(_clear_bss.o)
                              application/application.o (__do_clear_bss)
d:/7.0/toolchain/avr8/avr8-gnu-toolchain/bin/../lib/gcc/avr/5.4.0/avr6\libgcc.a(_umulhisi3.o)
                              application/application.o (__umulhisi3)
d:/7.0/toolchain/avr8/avr8-gnu-toolchain/bin/../lib/gcc/avr/5.4.0/../../../../avr/lib/avr6\libc.a(strlen_P.o)
                              freertos/serial.o (__strlen_P)
d:/7.0/toolchain/avr8/avr8-gnu-toolchain/bin/../lib/gcc/avr/5.4.0/../../../../avr/lib/avr6\libc.a(memcpy.o)
                              freertos/queue.o (memcpy)
d:/7.0/toolchain/avr8/avr8-gnu-toolchain/bin/../lib/gcc/avr/5.4.0/../../../../avr/lib/avr6\libc.a(memset.o)
                              freertos/tasks.o (memset)
d:/7.0/toolchain/avr8/avr8-gnu-toolchain/bin/../lib/gcc/avr/5.4.0/../../../../avr/lib/avr6\libc.a(itoa_ncheck.o)
                              application/application.o (__itoa_ncheck)
d:/7.0/toolchain/avr8/avr8-gnu-toolchain/bin/../lib/gcc/avr/5.4.0/../../../../avr/lib/avr6\libc.a(utoa_ncheck.o)
                              d:/7.0/toolchain/avr8/avr8-gnu-toolchain/bin/../lib/gcc/avr/5.4.0/../../../../avr/lib/avr6\libc.a(itoa_ncheck.o) (__utoa_common)
d:/7.0/toolchain/avr8/avr8-gnu-toolchain/bin/../lib/gcc/avr/5.4.0/../../../../avr/lib/avr6\libc.a(printf.o)
                              ds1820/ds18x20.o (printf)
d:/7.0/toolchain/avr8/avr8-gnu-toolchain/bin/../lib/gcc/avr/5.4.0/../../../../avr/lib/avr6\libc.a(vsnprintf.o)
                              freertos/serial.o (vsnprintf)
d:/7.0/toolchain/avr8/avr8-gnu-toolchain/bin/../lib/gcc/avr/5.4.0/../../../../avr/lib/avr6\libc.a(vsnprintf_p.o)
                              freertos/serial.o (vsnprintf_P)
d:/7.0/toolchain/avr8/avr8-gnu-toolchain/bin/../lib/gcc/avr/5.4.0/../../../../avr/lib/avr6\libc.a(system_tick.o)
                              freertos/port.o (system_tick)
d:/7.0/toolchain/avr8/avr8-gnu-toolchain/bin/../lib/gcc/avr/5.4.0/../../../../avr/lib/avr6\libc.a(vfprintf_std.o)
                              d:/7.0/toolchain/avr8/avr8-gnu-toolchain/bin/../lib/gcc/avr/5.4.0/../../../../avr/lib/avr6\libc.a(printf.o) (vfprintf)
d:/7.0/toolchain/avr8/avr8-gnu-toolchain/bin/../lib/gcc/avr/5.4.0/../../../../avr/lib/avr6\libc.a(strnlen_P.o)
                              d:/7.0/toolchain/avr8/avr8-gnu-toolchain/bin/../lib/gcc/avr/5.4.0/../../../../avr/lib/avr6\libc.a(vfprintf_std.o) (strnlen_P)
d:/7.0/toolchain/avr8/avr8-gnu-toolchain/bin/../lib/gcc/avr/5.4.0/../../../../avr/lib/avr6\libc.a(strnlen.o)
                              d:/7.0/toolchain/avr8/avr8-gnu-toolchain/bin/../lib/gcc/avr/5.4.0/../../../../avr/lib/avr6\libc.a(vfprintf_std.o) (strnlen)
d:/7.0/toolchain/avr8/avr8-gnu-toolchain/bin/../lib/gcc/avr/5.4.0/../../../../avr/lib/avr6\libc.a(strrev.o)
                              d:/7.0/toolchain/avr8/avr8-gnu-toolchain/bin/../lib/gcc/avr/5.4.0/../../../../avr/lib/avr6\libc.a(utoa_ncheck.o) (strrev)
d:/7.0/toolchain/avr8/avr8-gnu-toolchain/bin/../lib/gcc/avr/5.4.0/../../../../avr/lib/avr6\libc.a(fputc.o)
                              d:/7.0/toolchain/avr8/avr8-gnu-toolchain/bin/../lib/gcc/avr/5.4.0/../../../../avr/lib/avr6\libc.a(vfprintf_std.o) (fputc)
d:/7.0/toolchain/avr8/avr8-gnu-toolchain/bin/../lib/gcc/avr/5.4.0/../../../../avr/lib/avr6\libc.a(iob.o)
                              d:/7.0/toolchain/avr8/avr8-gnu-toolchain/bin/../lib/gcc/avr/5.4.0/../../../../avr/lib/avr6\libc.a(printf.o) (__iob)
d:/7.0/toolchain/avr8/avr8-gnu-toolchain/bin/../lib/gcc/avr/5.4.0/../../../../avr/lib/avr6\libc.a(ultoa_invert.o)
                              d:/7.0/toolchain/avr8/avr8-gnu-toolchain/bin/../lib/gcc/avr/5.4.0/../../../../avr/lib/avr6\libc.a(vfprintf_std.o) (__ultoa_invert)
d:/7.0/toolchain/avr8/avr8-gnu-toolchain/bin/../lib/gcc/avr/5.4.0/../../../../avr/lib/avr6\libc.a(system_time.o)
                              d:/7.0/toolchain/avr8/avr8-gnu-toolchain/bin/../lib/gcc/avr/5.4.0/../../../../avr/lib/avr6\libc.a(system_tick.o) (__system_time)

Allocating common symbols
Common symbol       size              file

xSerialPort         0x22              application/application.o
portTickRateHz      0x2               freertos/port.o
xSerial2Port        0x22              freertos/serial.o
xSerial3Port        0x22              freertos/serial.o
getSensorIDs        0x40              ds1820/onewire.o
xSerial1Port        0x22              freertos/serial.o
__iob               0x6               d:/7.0/toolchain/avr8/avr8-gnu-toolchain/bin/../lib/gcc/avr/5.4.0/../../../../avr/lib/avr6\libc.a(iob.o)
ticksRemainingInSec
                    0x2               freertos/port.o
__system_time       0x4               d:/7.0/toolchain/avr8/avr8-gnu-toolchain/bin/../lib/gcc/avr/5.4.0/../../../../avr/lib/avr6\libc.a(system_time.o)

Discarded input sections

 .data          0x00000000        0x0 D:/7.0/Packs/atmel/ATmega_DFP/1.1.130/gcc/dev/atmega2560/avr6/crtatmega2560.o
 .bss           0x00000000        0x0 D:/7.0/Packs/atmel/ATmega_DFP/1.1.130/gcc/dev/atmega2560/avr6/crtatmega2560.o
 .text          0x00000000        0x0 application/application.o
 .data          0x00000000        0x0 application/application.o
 .bss           0x00000000        0x0 application/application.o
 .text          0x00000000        0x0 devices/adc.o
 .data          0x00000000        0x0 devices/adc.o
 .bss           0x00000000        0x0 devices/adc.o
 .text          0x00000000        0x0 devices/key.o
 .data          0x00000000        0x0 devices/key.o
 .bss           0x00000000        0x0 devices/key.o
 .text          0x00000000        0x0 devices/lcd_ard.o
 .data          0x00000000        0x0 devices/lcd_ard.o
 .bss           0x00000000        0x0 devices/lcd_ard.o
 .text.lcd_home
                0x00000000       0x14 devices/lcd_ard.o
 .text.lcd_puts_p
                0x00000000       0x24 devices/lcd_ard.o
 .text          0x00000000        0x0 devices/led.o
 .data          0x00000000        0x0 devices/led.o
 .bss           0x00000000        0x0 devices/led.o
 .text.LedOn    0x00000000        0xa devices/led.o
 .text.LedOff   0x00000000        0xa devices/led.o
 .debug_info    0x00000000       0xc0 devices/led.o
 .debug_abbrev  0x00000000       0x7a devices/led.o
 .debug_aranges
                0x00000000       0x28 devices/led.o
 .debug_ranges  0x00000000       0x18 devices/led.o
 .debug_line    0x00000000       0xb3 devices/led.o
 .debug_str     0x00000000      0x187 devices/led.o
 .comment       0x00000000       0x31 devices/led.o
 .debug_frame   0x00000000       0x34 devices/led.o
 .text          0x00000000        0x0 ds1820/crc8.o
 .data          0x00000000        0x0 ds1820/crc8.o
 .bss           0x00000000        0x0 ds1820/crc8.o
 .text          0x00000000        0x0 ds1820/ds18x20.o
 .data          0x00000000        0x0 ds1820/ds18x20.o
 .bss           0x00000000        0x0 ds1820/ds18x20.o
 .text.DS18X20_get_power_status
                0x00000000       0x2c ds1820/ds18x20.o
 .text.DS18X20_conversion_in_progress
                0x00000000       0x10 ds1820/ds18x20.o
 .text.DS18X20_format_from_maxres
                0x00000000      0x144 ds1820/ds18x20.o
 .text.DS18X20_write_scratchpad
                0x00000000       0x68 ds1820/ds18x20.o
 .text.DS18X20_read_scratchpad
                0x00000000       0x46 ds1820/ds18x20.o
 .text.DS18X20_scratchpad_to_eeprom
                0x00000000       0x68 ds1820/ds18x20.o
 .text.DS18X20_eeprom_to_scratchpad
                0x00000000       0x64 ds1820/ds18x20.o
 .text          0x00000000        0x0 ds1820/onewire.o
 .data          0x00000000        0x0 ds1820/onewire.o
 .bss           0x00000000        0x0 ds1820/onewire.o
 .text.ow_parasite_disable
                0x00000000        0x4 ds1820/onewire.o
 .text          0x00000000        0x0 freertos/croutine.o
 .data          0x00000000        0x0 freertos/croutine.o
 .bss           0x00000000        0x0 freertos/croutine.o
 .debug_info    0x00000000       0x64 freertos/croutine.o
 .debug_abbrev  0x00000000       0x26 freertos/croutine.o
 .debug_aranges
                0x00000000       0x18 freertos/croutine.o
 .debug_line    0x00000000       0x1a freertos/croutine.o
 .debug_str     0x00000000      0x17a freertos/croutine.o
 .comment       0x00000000       0x31 freertos/croutine.o
 .text          0x00000000        0x0 freertos/heap_1.o
 .data          0x00000000        0x0 freertos/heap_1.o
 .bss           0x00000000        0x0 freertos/heap_1.o
 .text.vPortInitialiseBlocks
                0x00000000        0xa freertos/heap_1.o
 .text.xPortGetFreeHeapSize
                0x00000000       0x12 freertos/heap_1.o
 .text          0x00000000        0x0 freertos/list.o
 .data          0x00000000        0x0 freertos/list.o
 .bss           0x00000000        0x0 freertos/list.o
 .text          0x00000000        0x0 freertos/port.o
 .data          0x00000000        0x0 freertos/port.o
 .bss           0x00000000        0x0 freertos/port.o
 .text.vPortEndScheduler
                0x00000000        0xc freertos/port.o
 .text          0x00000000        0x0 freertos/queue.o
 .data          0x00000000        0x0 freertos/queue.o
 .bss           0x00000000        0x0 freertos/queue.o
 .text.xQueueGenericReset
                0x00000000       0x7a freertos/queue.o
 .text.xQueueCreateMutex
                0x00000000      0x30a freertos/queue.o
 .text.xQueueGiveMutexRecursive
                0x00000000      0x30c freertos/queue.o
 .text.xQueueTakeMutexRecursive
                0x00000000      0x33c freertos/queue.o
 .text.xQueueCreateCountingSemaphore
                0x00000000       0x80 freertos/queue.o
 .text.xQueueGenericSendFromISR
                0x00000000      0x10e freertos/queue.o
 .text.xQueueReceiveFromISR
                0x00000000       0x90 freertos/queue.o
 .text.xQueuePeekFromISR
                0x00000000       0x56 freertos/queue.o
 .text.uxQueueMessagesWaiting
                0x00000000       0x10 freertos/queue.o
 .text.uxQueueSpacesAvailable
                0x00000000       0x14 freertos/queue.o
 .text.uxQueueMessagesWaitingFromISR
                0x00000000        0x6 freertos/queue.o
 .text.vQueueDelete
                0x00000000        0x6 freertos/queue.o
 .text.xQueueIsQueueEmptyFromISR
                0x00000000        0xc freertos/queue.o
 .text.xQueueIsQueueFullFromISR
                0x00000000        0xe freertos/queue.o
 .text          0x00000000        0x0 freertos/tasks.o
 .data          0x00000000        0x0 freertos/tasks.o
 .bss           0x00000000        0x0 freertos/tasks.o
 .text.vTaskDelete
                0x00000000       0xc6 freertos/tasks.o
 .text.vTaskDelayUntil
                0x00000000      0x378 freertos/tasks.o
 .text.uxTaskPriorityGet
                0x00000000       0x1c freertos/tasks.o
 .text.uxTaskPriorityGetFromISR
                0x00000000       0x12 freertos/tasks.o
 .text.vTaskPrioritySet
                0x00000000       0xfa freertos/tasks.o
 .text.vTaskSuspend
                0x00000000      0x1ac freertos/tasks.o
 .text.vTaskResume
                0x00000000       0x9e freertos/tasks.o
 .text.xTaskResumeFromISR
                0x00000000       0xae freertos/tasks.o
 .text.vTaskEndScheduler
                0x00000000        0xe freertos/tasks.o
 .text.xTaskGetTickCount
                0x00000000       0x14 freertos/tasks.o
 .text.xTaskGetTickCountFromISR
                0x00000000        0xa freertos/tasks.o
 .text.uxTaskGetNumberOfTasks
                0x00000000        0x6 freertos/tasks.o
 .text.vTaskPlaceOnUnorderedEventList
                0x00000000       0xc4 freertos/tasks.o
 .text.xTaskRemoveFromUnorderedEventList
                0x00000000       0x74 freertos/tasks.o
 .text.uxTaskGetStackHighWaterMark
                0x00000000       0x3a freertos/tasks.o
 .text.xTaskGetCurrentTaskHandle
                0x00000000        0xa freertos/tasks.o
 .text.uxTaskResetEventItemValue
                0x00000000       0x2e freertos/tasks.o
 .text.ulTaskNotifyTake
                0x00000000      0x14e freertos/tasks.o
 .text.xTaskNotifyWait
                0x00000000      0x19e freertos/tasks.o
 .text.xTaskGenericNotify
                0x00000000       0xfc freertos/tasks.o
 .text.xTaskGenericNotifyFromISR
                0x00000000      0x11c freertos/tasks.o
 .text.vTaskNotifyGiveFromISR
                0x00000000       0xae freertos/tasks.o
 .text.xTaskNotifyStateClear
                0x00000000       0x28 freertos/tasks.o
 .text          0x00000000        0x0 protocol/io.o
 .data          0x00000000        0x0 protocol/io.o
 .bss           0x00000000        0x0 protocol/io.o
 .text.PutByte  0x00000000        0xc protocol/io.o
 .text.GetByte  0x00000000       0x16 protocol/io.o
 .bss.ch.2693   0x00000000        0x1 protocol/io.o
 .debug_info    0x00000000      0x2cd protocol/io.o
 .debug_abbrev  0x00000000      0x138 protocol/io.o
 .debug_loc     0x00000000       0x50 protocol/io.o
 .debug_aranges
                0x00000000       0x28 protocol/io.o
 .debug_ranges  0x00000000       0x18 protocol/io.o
 .debug_line    0x00000000       0xd4 protocol/io.o
 .debug_str     0x00000000      0x2ce protocol/io.o
 .comment       0x00000000       0x31 protocol/io.o
 .debug_frame   0x00000000       0x34 protocol/io.o
 .text          0x00000000        0x0 protocol/protocol.o
 .data          0x00000000        0x0 protocol/protocol.o
 .bss           0x00000000        0x0 protocol/protocol.o
 .text.AddCheckSum
                0x00000000       0x34 protocol/protocol.o
 .text.SendMsg  0x00000000       0xde protocol/protocol.o
 .text.ReceiveMsg
                0x00000000      0x118 protocol/protocol.o
 .debug_info    0x00000000      0x338 protocol/protocol.o
 .debug_abbrev  0x00000000      0x103 protocol/protocol.o
 .debug_loc     0x00000000      0x527 protocol/protocol.o
 .debug_aranges
                0x00000000       0x30 protocol/protocol.o
 .debug_ranges  0x00000000       0x50 protocol/protocol.o
 .debug_line    0x00000000      0x1d8 protocol/protocol.o
 .debug_str     0x00000000      0x211 protocol/protocol.o
 .comment       0x00000000       0x31 protocol/protocol.o
 .debug_frame   0x00000000       0xa4 protocol/protocol.o
 .text          0x00000000        0x0 freertos/serial.o
 .data          0x00000000        0x0 freertos/serial.o
 .bss           0x00000000        0x0 freertos/serial.o
 .text.ringBuffer_InitBuffer
                0x00000000       0x2a freertos/serial.o
 .text.ringBuffer_Flush
                0x00000000       0x1e freertos/serial.o
 .text.ringBuffer_GetCount
                0x00000000       0x12 freertos/serial.o
 .text.ringBuffer_GetFreeCount
                0x00000000       0x1a freertos/serial.o
 .text.ringBuffer_IsEmpty
                0x00000000       0x1a freertos/serial.o
 .text.ringBuffer_IsFull
                0x00000000       0x20 freertos/serial.o
 .text.ringBuffer_Poke
                0x00000000       0x3a freertos/serial.o
 .text.ringBuffer_Pop
                0x00000000       0x36 freertos/serial.o
 .text.ringBuffer_Peek
                0x00000000        0xe freertos/serial.o
 .text.xSerialPrint
                0x00000000      0x190 freertos/serial.o
 .progmem.gcc_sw_table.xSerialPrint
                0x00000000       0x10 freertos/serial.o
 .text.xSerialPrintf
                0x00000000       0x74 freertos/serial.o
 .text.xSerialPrintf_P
                0x00000000       0x74 freertos/serial.o
 .text.xSerialPrint_P
                0x00000000      0x1aa freertos/serial.o
 .progmem.gcc_sw_table.xSerialPrint_P
                0x00000000       0x10 freertos/serial.o
 .text.xSerialxPrint
                0x00000000      0x17e freertos/serial.o
 .progmem.gcc_sw_table.xSerialxPrint
                0x00000000       0x10 freertos/serial.o
 .text.xSerialxPrintf
                0x00000000       0x5a freertos/serial.o
 .text.xSerialxPrintf_P
                0x00000000       0x5a freertos/serial.o
 .text.xSerialxPrint_P
                0x00000000      0x196 freertos/serial.o
 .progmem.gcc_sw_table.xSerialxPrint_P
                0x00000000       0x10 freertos/serial.o
 .text.xSerialRxFlush
                0x00000000       0xba freertos/serial.o
 .progmem.gcc_sw_table.xSerialRxFlush
                0x00000000       0x10 freertos/serial.o
 .text.xSerialTxFlush
                0x00000000       0x74 freertos/serial.o
 .progmem.gcc_sw_table.xSerialTxFlush
                0x00000000       0x10 freertos/serial.o
 .text.xSerialAvailableChar
                0x00000000       0x12 freertos/serial.o
 .text.xSerialGetChar
                0x00000000       0x54 freertos/serial.o
 .text.xSerialPortReInit
                0x00000000      0x4f0 freertos/serial.o
 .progmem.gcc_sw_table.xSerialPortReInit
                0x00000000       0x20 freertos/serial.o
 .text.vSerialClose
                0x00000000       0x8c freertos/serial.o
 .progmem.gcc_sw_table.vSerialClose
                0x00000000       0x10 freertos/serial.o
 .text.avrSerialPrint
                0x00000000       0x48 freertos/serial.o
 .text.avrSerialPrintf
                0x00000000       0x60 freertos/serial.o
 .text.avrSerialPrintf_P
                0x00000000       0x60 freertos/serial.o
 .text.avrSerialPrint_P
                0x00000000       0x44 freertos/serial.o
 .text.avrSerialWrite
                0x00000000       0x20 freertos/serial.o
 .text.avrSerialRead
                0x00000000       0x2c freertos/serial.o
 .text.avrSerialCheckRxComplete
                0x00000000        0x8 freertos/serial.o
 .text.avrSerialCheckTxReady
                0x00000000        0x8 freertos/serial.o
 .text.avrSerialxPrint
                0x00000000      0x10e freertos/serial.o
 .progmem.gcc_sw_table.avrSerialxPrint
                0x00000000       0x20 freertos/serial.o
 .text.avrSerialxPrintf
                0x00000000       0x5e freertos/serial.o
 .text.avrSerialxPrintf_P
                0x00000000       0x5e freertos/serial.o
 .text.avrSerialxPrint_P
                0x00000000      0x10e freertos/serial.o
 .progmem.gcc_sw_table.avrSerialxPrint_P
                0x00000000       0x20 freertos/serial.o
 .text.avrSerialxWrite
                0x00000000       0x92 freertos/serial.o
 .progmem.gcc_sw_table.avrSerialxWrite
                0x00000000       0x20 freertos/serial.o
 .text.avrSerialxRead
                0x00000000       0xdc freertos/serial.o
 .progmem.gcc_sw_table.avrSerialxRead
                0x00000000       0x10 freertos/serial.o
 .text.avrSerialxCheckRxComplete
                0x00000000       0x3e freertos/serial.o
 .progmem.gcc_sw_table.avrSerialxCheckRxComplete
                0x00000000       0x10 freertos/serial.o
 .text.avrSerialxCheckTxReady
                0x00000000       0x3e freertos/serial.o
 .progmem.gcc_sw_table.avrSerialxCheckTxReady
                0x00000000       0x10 freertos/serial.o
 .text          0x00000000        0x0 d:/7.0/toolchain/avr8/avr8-gnu-toolchain/bin/../lib/gcc/avr/5.4.0/../../../../avr/lib/avr6\libm.a(fixsfsi.o)
 .data          0x00000000        0x0 d:/7.0/toolchain/avr8/avr8-gnu-toolchain/bin/../lib/gcc/avr/5.4.0/../../../../avr/lib/avr6\libm.a(fixsfsi.o)
 .bss           0x00000000        0x0 d:/7.0/toolchain/avr8/avr8-gnu-toolchain/bin/../lib/gcc/avr/5.4.0/../../../../avr/lib/avr6\libm.a(fixsfsi.o)
 .text          0x00000000        0x0 d:/7.0/toolchain/avr8/avr8-gnu-toolchain/bin/../lib/gcc/avr/5.4.0/../../../../avr/lib/avr6\libm.a(fixunssfsi.o)
 .data          0x00000000        0x0 d:/7.0/toolchain/avr8/avr8-gnu-toolchain/bin/../lib/gcc/avr/5.4.0/../../../../avr/lib/avr6\libm.a(fixunssfsi.o)
 .bss           0x00000000        0x0 d:/7.0/toolchain/avr8/avr8-gnu-toolchain/bin/../lib/gcc/avr/5.4.0/../../../../avr/lib/avr6\libm.a(fixunssfsi.o)
 .text          0x00000000        0x0 d:/7.0/toolchain/avr8/avr8-gnu-toolchain/bin/../lib/gcc/avr/5.4.0/../../../../avr/lib/avr6\libm.a(floatsisf.o)
 .data          0x00000000        0x0 d:/7.0/toolchain/avr8/avr8-gnu-toolchain/bin/../lib/gcc/avr/5.4.0/../../../../avr/lib/avr6\libm.a(floatsisf.o)
 .bss           0x00000000        0x0 d:/7.0/toolchain/avr8/avr8-gnu-toolchain/bin/../lib/gcc/avr/5.4.0/../../../../avr/lib/avr6\libm.a(floatsisf.o)
 .text          0x00000000        0x0 d:/7.0/toolchain/avr8/avr8-gnu-toolchain/bin/../lib/gcc/avr/5.4.0/../../../../avr/lib/avr6\libm.a(fp_split3.o)
 .data          0x00000000        0x0 d:/7.0/toolchain/avr8/avr8-gnu-toolchain/bin/../lib/gcc/avr/5.4.0/../../../../avr/lib/avr6\libm.a(fp_split3.o)
 .bss           0x00000000        0x0 d:/7.0/toolchain/avr8/avr8-gnu-toolchain/bin/../lib/gcc/avr/5.4.0/../../../../avr/lib/avr6\libm.a(fp_split3.o)
 .text          0x00000000        0x0 d:/7.0/toolchain/avr8/avr8-gnu-toolchain/bin/../lib/gcc/avr/5.4.0/../../../../avr/lib/avr6\libm.a(fp_zero.o)
 .data          0x00000000        0x0 d:/7.0/toolchain/avr8/avr8-gnu-toolchain/bin/../lib/gcc/avr/5.4.0/../../../../avr/lib/avr6\libm.a(fp_zero.o)
 .bss           0x00000000        0x0 d:/7.0/toolchain/avr8/avr8-gnu-toolchain/bin/../lib/gcc/avr/5.4.0/../../../../avr/lib/avr6\libm.a(fp_zero.o)
 .text          0x00000000        0x0 d:/7.0/toolchain/avr8/avr8-gnu-toolchain/bin/../lib/gcc/avr/5.4.0/avr6\libgcc.a(_udivmodhi4.o)
 .data          0x00000000        0x0 d:/7.0/toolchain/avr8/avr8-gnu-toolchain/bin/../lib/gcc/avr/5.4.0/avr6\libgcc.a(_udivmodhi4.o)
 .bss           0x00000000        0x0 d:/7.0/toolchain/avr8/avr8-gnu-toolchain/bin/../lib/gcc/avr/5.4.0/avr6\libgcc.a(_udivmodhi4.o)
 .text.libgcc.mul
                0x00000000        0x0 d:/7.0/toolchain/avr8/avr8-gnu-toolchain/bin/../lib/gcc/avr/5.4.0/avr6\libgcc.a(_udivmodhi4.o)
 .text.libgcc   0x00000000        0x0 d:/7.0/toolchain/avr8/avr8-gnu-toolchain/bin/../lib/gcc/avr/5.4.0/avr6\libgcc.a(_udivmodhi4.o)
 .text.libgcc.prologue
                0x00000000        0x0 d:/7.0/toolchain/avr8/avr8-gnu-toolchain/bin/../lib/gcc/avr/5.4.0/avr6\libgcc.a(_udivmodhi4.o)
 .text.libgcc.builtins
                0x00000000        0x0 d:/7.0/toolchain/avr8/avr8-gnu-toolchain/bin/../lib/gcc/avr/5.4.0/avr6\libgcc.a(_udivmodhi4.o)
 .text.libgcc.fmul
                0x00000000        0x0 d:/7.0/toolchain/avr8/avr8-gnu-toolchain/bin/../lib/gcc/avr/5.4.0/avr6\libgcc.a(_udivmodhi4.o)
 .text.libgcc.fixed
                0x00000000        0x0 d:/7.0/toolchain/avr8/avr8-gnu-toolchain/bin/../lib/gcc/avr/5.4.0/avr6\libgcc.a(_udivmodhi4.o)
 .text          0x00000000        0x0 d:/7.0/toolchain/avr8/avr8-gnu-toolchain/bin/../lib/gcc/avr/5.4.0/avr6\libgcc.a(_divmodhi4.o)
 .data          0x00000000        0x0 d:/7.0/toolchain/avr8/avr8-gnu-toolchain/bin/../lib/gcc/avr/5.4.0/avr6\libgcc.a(_divmodhi4.o)
 .bss           0x00000000        0x0 d:/7.0/toolchain/avr8/avr8-gnu-toolchain/bin/../lib/gcc/avr/5.4.0/avr6\libgcc.a(_divmodhi4.o)
 .text.libgcc.mul
                0x00000000        0x0 d:/7.0/toolchain/avr8/avr8-gnu-toolchain/bin/../lib/gcc/avr/5.4.0/avr6\libgcc.a(_divmodhi4.o)
 .text.libgcc   0x00000000        0x0 d:/7.0/toolchain/avr8/avr8-gnu-toolchain/bin/../lib/gcc/avr/5.4.0/avr6\libgcc.a(_divmodhi4.o)
 .text.libgcc.prologue
                0x00000000        0x0 d:/7.0/toolchain/avr8/avr8-gnu-toolchain/bin/../lib/gcc/avr/5.4.0/avr6\libgcc.a(_divmodhi4.o)
 .text.libgcc.builtins
                0x00000000        0x0 d:/7.0/toolchain/avr8/avr8-gnu-toolchain/bin/../lib/gcc/avr/5.4.0/avr6\libgcc.a(_divmodhi4.o)
 .text.libgcc.fmul
                0x00000000        0x0 d:/7.0/toolchain/avr8/avr8-gnu-toolchain/bin/../lib/gcc/avr/5.4.0/avr6\libgcc.a(_divmodhi4.o)
 .text.libgcc.fixed
                0x00000000        0x0 d:/7.0/toolchain/avr8/avr8-gnu-toolchain/bin/../lib/gcc/avr/5.4.0/avr6\libgcc.a(_divmodhi4.o)
 .text          0x00000000        0x0 d:/7.0/toolchain/avr8/avr8-gnu-toolchain/bin/../lib/gcc/avr/5.4.0/avr6\libgcc.a(_udivmodsi4.o)
 .data          0x00000000        0x0 d:/7.0/toolchain/avr8/avr8-gnu-toolchain/bin/../lib/gcc/avr/5.4.0/avr6\libgcc.a(_udivmodsi4.o)
 .bss           0x00000000        0x0 d:/7.0/toolchain/avr8/avr8-gnu-toolchain/bin/../lib/gcc/avr/5.4.0/avr6\libgcc.a(_udivmodsi4.o)
 .text.libgcc.mul
                0x00000000        0x0 d:/7.0/toolchain/avr8/avr8-gnu-toolchain/bin/../lib/gcc/avr/5.4.0/avr6\libgcc.a(_udivmodsi4.o)
 .text.libgcc   0x00000000        0x0 d:/7.0/toolchain/avr8/avr8-gnu-toolchain/bin/../lib/gcc/avr/5.4.0/avr6\libgcc.a(_udivmodsi4.o)
 .text.libgcc.prologue
                0x00000000        0x0 d:/7.0/toolchain/avr8/avr8-gnu-toolchain/bin/../lib/gcc/avr/5.4.0/avr6\libgcc.a(_udivmodsi4.o)
 .text.libgcc.builtins
                0x00000000        0x0 d:/7.0/toolchain/avr8/avr8-gnu-toolchain/bin/../lib/gcc/avr/5.4.0/avr6\libgcc.a(_udivmodsi4.o)
 .text.libgcc.fmul
                0x00000000        0x0 d:/7.0/toolchain/avr8/avr8-gnu-toolchain/bin/../lib/gcc/avr/5.4.0/avr6\libgcc.a(_udivmodsi4.o)
 .text.libgcc.fixed
                0x00000000        0x0 d:/7.0/toolchain/avr8/avr8-gnu-toolchain/bin/../lib/gcc/avr/5.4.0/avr6\libgcc.a(_udivmodsi4.o)
 .text          0x00000000        0x0 d:/7.0/toolchain/avr8/avr8-gnu-toolchain/bin/../lib/gcc/avr/5.4.0/avr6\libgcc.a(_divmodsi4.o)
 .data          0x00000000        0x0 d:/7.0/toolchain/avr8/avr8-gnu-toolchain/bin/../lib/gcc/avr/5.4.0/avr6\libgcc.a(_divmodsi4.o)
 .bss           0x00000000        0x0 d:/7.0/toolchain/avr8/avr8-gnu-toolchain/bin/../lib/gcc/avr/5.4.0/avr6\libgcc.a(_divmodsi4.o)
 .text.libgcc.mul
                0x00000000        0x0 d:/7.0/toolchain/avr8/avr8-gnu-toolchain/bin/../lib/gcc/avr/5.4.0/avr6\libgcc.a(_divmodsi4.o)
 .text.libgcc   0x00000000        0x0 d:/7.0/toolchain/avr8/avr8-gnu-toolchain/bin/../lib/gcc/avr/5.4.0/avr6\libgcc.a(_divmodsi4.o)
 .text.libgcc.prologue
                0x00000000        0x0 d:/7.0/toolchain/avr8/avr8-gnu-toolchain/bin/../lib/gcc/avr/5.4.0/avr6\libgcc.a(_divmodsi4.o)
 .text.libgcc.builtins
                0x00000000        0x0 d:/7.0/toolchain/avr8/avr8-gnu-toolchain/bin/../lib/gcc/avr/5.4.0/avr6\libgcc.a(_divmodsi4.o)
 .text.libgcc.fmul
                0x00000000        0x0 d:/7.0/toolchain/avr8/avr8-gnu-toolchain/bin/../lib/gcc/avr/5.4.0/avr6\libgcc.a(_divmodsi4.o)
 .text.libgcc.fixed
                0x00000000        0x0 d:/7.0/toolchain/avr8/avr8-gnu-toolchain/bin/../lib/gcc/avr/5.4.0/avr6\libgcc.a(_divmodsi4.o)
 .text          0x00000000        0x0 d:/7.0/toolchain/avr8/avr8-gnu-toolchain/bin/../lib/gcc/avr/5.4.0/avr6\libgcc.a(_negsi2.o)
 .data          0x00000000        0x0 d:/7.0/toolchain/avr8/avr8-gnu-toolchain/bin/../lib/gcc/avr/5.4.0/avr6\libgcc.a(_negsi2.o)
 .bss           0x00000000        0x0 d:/7.0/toolchain/avr8/avr8-gnu-toolchain/bin/../lib/gcc/avr/5.4.0/avr6\libgcc.a(_negsi2.o)
 .text.libgcc.mul
                0x00000000        0x0 d:/7.0/toolchain/avr8/avr8-gnu-toolchain/bin/../lib/gcc/avr/5.4.0/avr6\libgcc.a(_negsi2.o)
 .text.libgcc   0x00000000        0x0 d:/7.0/toolchain/avr8/avr8-gnu-toolchain/bin/../lib/gcc/avr/5.4.0/avr6\libgcc.a(_negsi2.o)
 .text.libgcc.prologue
                0x00000000        0x0 d:/7.0/toolchain/avr8/avr8-gnu-toolchain/bin/../lib/gcc/avr/5.4.0/avr6\libgcc.a(_negsi2.o)
 .text.libgcc.builtins
                0x00000000        0x0 d:/7.0/toolchain/avr8/avr8-gnu-toolchain/bin/../lib/gcc/avr/5.4.0/avr6\libgcc.a(_negsi2.o)
 .text.libgcc.fmul
                0x00000000        0x0 d:/7.0/toolchain/avr8/avr8-gnu-toolchain/bin/../lib/gcc/avr/5.4.0/avr6\libgcc.a(_negsi2.o)
 .text.libgcc.fixed
                0x00000000        0x0 d:/7.0/toolchain/avr8/avr8-gnu-toolchain/bin/../lib/gcc/avr/5.4.0/avr6\libgcc.a(_negsi2.o)
 .text          0x00000000        0x0 d:/7.0/toolchain/avr8/avr8-gnu-toolchain/bin/../lib/gcc/avr/5.4.0/avr6\libgcc.a(_exit.o)
 .data          0x00000000        0x0 d:/7.0/toolchain/avr8/avr8-gnu-toolchain/bin/../lib/gcc/avr/5.4.0/avr6\libgcc.a(_exit.o)
 .bss           0x00000000        0x0 d:/7.0/toolchain/avr8/avr8-gnu-toolchain/bin/../lib/gcc/avr/5.4.0/avr6\libgcc.a(_exit.o)
 .text.libgcc.mul
                0x00000000        0x0 d:/7.0/toolchain/avr8/avr8-gnu-toolchain/bin/../lib/gcc/avr/5.4.0/avr6\libgcc.a(_exit.o)
 .text.libgcc.div
                0x00000000        0x0 d:/7.0/toolchain/avr8/avr8-gnu-toolchain/bin/../lib/gcc/avr/5.4.0/avr6\libgcc.a(_exit.o)
 .text.libgcc   0x00000000        0x0 d:/7.0/toolchain/avr8/avr8-gnu-toolchain/bin/../lib/gcc/avr/5.4.0/avr6\libgcc.a(_exit.o)
 .text.libgcc.prologue
                0x00000000        0x0 d:/7.0/toolchain/avr8/avr8-gnu-toolchain/bin/../lib/gcc/avr/5.4.0/avr6\libgcc.a(_exit.o)
 .text.libgcc.builtins
                0x00000000        0x0 d:/7.0/toolchain/avr8/avr8-gnu-toolchain/bin/../lib/gcc/avr/5.4.0/avr6\libgcc.a(_exit.o)
 .text.libgcc.fmul
                0x00000000        0x0 d:/7.0/toolchain/avr8/avr8-gnu-toolchain/bin/../lib/gcc/avr/5.4.0/avr6\libgcc.a(_exit.o)
 .text.libgcc.fixed
                0x00000000        0x0 d:/7.0/toolchain/avr8/avr8-gnu-toolchain/bin/../lib/gcc/avr/5.4.0/avr6\libgcc.a(_exit.o)
 .text          0x00000000        0x0 d:/7.0/toolchain/avr8/avr8-gnu-toolchain/bin/../lib/gcc/avr/5.4.0/avr6\libgcc.a(_tablejump2.o)
 .data          0x00000000        0x0 d:/7.0/toolchain/avr8/avr8-gnu-toolchain/bin/../lib/gcc/avr/5.4.0/avr6\libgcc.a(_tablejump2.o)
 .bss           0x00000000        0x0 d:/7.0/toolchain/avr8/avr8-gnu-toolchain/bin/../lib/gcc/avr/5.4.0/avr6\libgcc.a(_tablejump2.o)
 .text.libgcc.mul
                0x00000000        0x0 d:/7.0/toolchain/avr8/avr8-gnu-toolchain/bin/../lib/gcc/avr/5.4.0/avr6\libgcc.a(_tablejump2.o)
 .text.libgcc.div
                0x00000000        0x0 d:/7.0/toolchain/avr8/avr8-gnu-toolchain/bin/../lib/gcc/avr/5.4.0/avr6\libgcc.a(_tablejump2.o)
 .text.libgcc.prologue
                0x00000000        0x0 d:/7.0/toolchain/avr8/avr8-gnu-toolchain/bin/../lib/gcc/avr/5.4.0/avr6\libgcc.a(_tablejump2.o)
 .text.libgcc.builtins
                0x00000000        0x0 d:/7.0/toolchain/avr8/avr8-gnu-toolchain/bin/../lib/gcc/avr/5.4.0/avr6\libgcc.a(_tablejump2.o)
 .text.libgcc.fmul
                0x00000000        0x0 d:/7.0/toolchain/avr8/avr8-gnu-toolchain/bin/../lib/gcc/avr/5.4.0/avr6\libgcc.a(_tablejump2.o)
 .text.libgcc.fixed
                0x00000000        0x0 d:/7.0/toolchain/avr8/avr8-gnu-toolchain/bin/../lib/gcc/avr/5.4.0/avr6\libgcc.a(_tablejump2.o)
 .text          0x00000000        0x0 d:/7.0/toolchain/avr8/avr8-gnu-toolchain/bin/../lib/gcc/avr/5.4.0/avr6\libgcc.a(_copy_data.o)
 .data          0x00000000        0x0 d:/7.0/toolchain/avr8/avr8-gnu-toolchain/bin/../lib/gcc/avr/5.4.0/avr6\libgcc.a(_copy_data.o)
 .bss           0x00000000        0x0 d:/7.0/toolchain/avr8/avr8-gnu-toolchain/bin/../lib/gcc/avr/5.4.0/avr6\libgcc.a(_copy_data.o)
 .text.libgcc.mul
                0x00000000        0x0 d:/7.0/toolchain/avr8/avr8-gnu-toolchain/bin/../lib/gcc/avr/5.4.0/avr6\libgcc.a(_copy_data.o)
 .text.libgcc.div
                0x00000000        0x0 d:/7.0/toolchain/avr8/avr8-gnu-toolchain/bin/../lib/gcc/avr/5.4.0/avr6\libgcc.a(_copy_data.o)
 .text.libgcc   0x00000000        0x0 d:/7.0/toolchain/avr8/avr8-gnu-toolchain/bin/../lib/gcc/avr/5.4.0/avr6\libgcc.a(_copy_data.o)
 .text.libgcc.prologue
                0x00000000        0x0 d:/7.0/toolchain/avr8/avr8-gnu-toolchain/bin/../lib/gcc/avr/5.4.0/avr6\libgcc.a(_copy_data.o)
 .text.libgcc.builtins
                0x00000000        0x0 d:/7.0/toolchain/avr8/avr8-gnu-toolchain/bin/../lib/gcc/avr/5.4.0/avr6\libgcc.a(_copy_data.o)
 .text.libgcc.fmul
                0x00000000        0x0 d:/7.0/toolchain/avr8/avr8-gnu-toolchain/bin/../lib/gcc/avr/5.4.0/avr6\libgcc.a(_copy_data.o)
 .text.libgcc.fixed
                0x00000000        0x0 d:/7.0/toolchain/avr8/avr8-gnu-toolchain/bin/../lib/gcc/avr/5.4.0/avr6\libgcc.a(_copy_data.o)
 .text          0x00000000        0x0 d:/7.0/toolchain/avr8/avr8-gnu-toolchain/bin/../lib/gcc/avr/5.4.0/avr6\libgcc.a(_clear_bss.o)
 .data          0x00000000        0x0 d:/7.0/toolchain/avr8/avr8-gnu-toolchain/bin/../lib/gcc/avr/5.4.0/avr6\libgcc.a(_clear_bss.o)
 .bss           0x00000000        0x0 d:/7.0/toolchain/avr8/avr8-gnu-toolchain/bin/../lib/gcc/avr/5.4.0/avr6\libgcc.a(_clear_bss.o)
 .text.libgcc.mul
                0x00000000        0x0 d:/7.0/toolchain/avr8/avr8-gnu-toolchain/bin/../lib/gcc/avr/5.4.0/avr6\libgcc.a(_clear_bss.o)
 .text.libgcc.div
                0x00000000        0x0 d:/7.0/toolchain/avr8/avr8-gnu-toolchain/bin/../lib/gcc/avr/5.4.0/avr6\libgcc.a(_clear_bss.o)
 .text.libgcc   0x00000000        0x0 d:/7.0/toolchain/avr8/avr8-gnu-toolchain/bin/../lib/gcc/avr/5.4.0/avr6\libgcc.a(_clear_bss.o)
 .text.libgcc.prologue
                0x00000000        0x0 d:/7.0/toolchain/avr8/avr8-gnu-toolchain/bin/../lib/gcc/avr/5.4.0/avr6\libgcc.a(_clear_bss.o)
 .text.libgcc.builtins
                0x00000000        0x0 d:/7.0/toolchain/avr8/avr8-gnu-toolchain/bin/../lib/gcc/avr/5.4.0/avr6\libgcc.a(_clear_bss.o)
 .text.libgcc.fmul
                0x00000000        0x0 d:/7.0/toolchain/avr8/avr8-gnu-toolchain/bin/../lib/gcc/avr/5.4.0/avr6\libgcc.a(_clear_bss.o)
 .text.libgcc.fixed
                0x00000000        0x0 d:/7.0/toolchain/avr8/avr8-gnu-toolchain/bin/../lib/gcc/avr/5.4.0/avr6\libgcc.a(_clear_bss.o)
 .text          0x00000000        0x0 d:/7.0/toolchain/avr8/avr8-gnu-toolchain/bin/../lib/gcc/avr/5.4.0/avr6\libgcc.a(_umulhisi3.o)
 .data          0x00000000        0x0 d:/7.0/toolchain/avr8/avr8-gnu-toolchain/bin/../lib/gcc/avr/5.4.0/avr6\libgcc.a(_umulhisi3.o)
 .bss           0x00000000        0x0 d:/7.0/toolchain/avr8/avr8-gnu-toolchain/bin/../lib/gcc/avr/5.4.0/avr6\libgcc.a(_umulhisi3.o)
 .text.libgcc.div
                0x00000000        0x0 d:/7.0/toolchain/avr8/avr8-gnu-toolchain/bin/../lib/gcc/avr/5.4.0/avr6\libgcc.a(_umulhisi3.o)
 .text.libgcc   0x00000000        0x0 d:/7.0/toolchain/avr8/avr8-gnu-toolchain/bin/../lib/gcc/avr/5.4.0/avr6\libgcc.a(_umulhisi3.o)
 .text.libgcc.prologue
                0x00000000        0x0 d:/7.0/toolchain/avr8/avr8-gnu-toolchain/bin/../lib/gcc/avr/5.4.0/avr6\libgcc.a(_umulhisi3.o)
 .text.libgcc.builtins
                0x00000000        0x0 d:/7.0/toolchain/avr8/avr8-gnu-toolchain/bin/../lib/gcc/avr/5.4.0/avr6\libgcc.a(_umulhisi3.o)
 .text.libgcc.fmul
                0x00000000        0x0 d:/7.0/toolchain/avr8/avr8-gnu-toolchain/bin/../lib/gcc/avr/5.4.0/avr6\libgcc.a(_umulhisi3.o)
 .text.libgcc.fixed
                0x00000000        0x0 d:/7.0/toolchain/avr8/avr8-gnu-toolchain/bin/../lib/gcc/avr/5.4.0/avr6\libgcc.a(_umulhisi3.o)
 .text          0x00000000        0x0 d:/7.0/toolchain/avr8/avr8-gnu-toolchain/bin/../lib/gcc/avr/5.4.0/../../../../avr/lib/avr6\libc.a(strlen_P.o)
 .data          0x00000000        0x0 d:/7.0/toolchain/avr8/avr8-gnu-toolchain/bin/../lib/gcc/avr/5.4.0/../../../../avr/lib/avr6\libc.a(strlen_P.o)
 .bss           0x00000000        0x0 d:/7.0/toolchain/avr8/avr8-gnu-toolchain/bin/../lib/gcc/avr/5.4.0/../../../../avr/lib/avr6\libc.a(strlen_P.o)
 .text.avr-libc
                0x00000000       0x12 d:/7.0/toolchain/avr8/avr8-gnu-toolchain/bin/../lib/gcc/avr/5.4.0/../../../../avr/lib/avr6\libc.a(strlen_P.o)
 .text          0x00000000        0x0 d:/7.0/toolchain/avr8/avr8-gnu-toolchain/bin/../lib/gcc/avr/5.4.0/../../../../avr/lib/avr6\libc.a(memcpy.o)
 .data          0x00000000        0x0 d:/7.0/toolchain/avr8/avr8-gnu-toolchain/bin/../lib/gcc/avr/5.4.0/../../../../avr/lib/avr6\libc.a(memcpy.o)
 .bss           0x00000000        0x0 d:/7.0/toolchain/avr8/avr8-gnu-toolchain/bin/../lib/gcc/avr/5.4.0/../../../../avr/lib/avr6\libc.a(memcpy.o)
 .text          0x00000000        0x0 d:/7.0/toolchain/avr8/avr8-gnu-toolchain/bin/../lib/gcc/avr/5.4.0/../../../../avr/lib/avr6\libc.a(memset.o)
 .data          0x00000000        0x0 d:/7.0/toolchain/avr8/avr8-gnu-toolchain/bin/../lib/gcc/avr/5.4.0/../../../../avr/lib/avr6\libc.a(memset.o)
 .bss           0x00000000        0x0 d:/7.0/toolchain/avr8/avr8-gnu-toolchain/bin/../lib/gcc/avr/5.4.0/../../../../avr/lib/avr6\libc.a(memset.o)
 .text          0x00000000        0x0 d:/7.0/toolchain/avr8/avr8-gnu-toolchain/bin/../lib/gcc/avr/5.4.0/../../../../avr/lib/avr6\libc.a(itoa_ncheck.o)
 .data          0x00000000        0x0 d:/7.0/toolchain/avr8/avr8-gnu-toolchain/bin/../lib/gcc/avr/5.4.0/../../../../avr/lib/avr6\libc.a(itoa_ncheck.o)
 .bss           0x00000000        0x0 d:/7.0/toolchain/avr8/avr8-gnu-toolchain/bin/../lib/gcc/avr/5.4.0/../../../../avr/lib/avr6\libc.a(itoa_ncheck.o)
 .text          0x00000000        0x0 d:/7.0/toolchain/avr8/avr8-gnu-toolchain/bin/../lib/gcc/avr/5.4.0/../../../../avr/lib/avr6\libc.a(utoa_ncheck.o)
 .data          0x00000000        0x0 d:/7.0/toolchain/avr8/avr8-gnu-toolchain/bin/../lib/gcc/avr/5.4.0/../../../../avr/lib/avr6\libc.a(utoa_ncheck.o)
 .bss           0x00000000        0x0 d:/7.0/toolchain/avr8/avr8-gnu-toolchain/bin/../lib/gcc/avr/5.4.0/../../../../avr/lib/avr6\libc.a(utoa_ncheck.o)
 .text          0x00000000        0x0 d:/7.0/toolchain/avr8/avr8-gnu-toolchain/bin/../lib/gcc/avr/5.4.0/../../../../avr/lib/avr6\libc.a(printf.o)
 .data          0x00000000        0x0 d:/7.0/toolchain/avr8/avr8-gnu-toolchain/bin/../lib/gcc/avr/5.4.0/../../../../avr/lib/avr6\libc.a(printf.o)
 .bss           0x00000000        0x0 d:/7.0/toolchain/avr8/avr8-gnu-toolchain/bin/../lib/gcc/avr/5.4.0/../../../../avr/lib/avr6\libc.a(printf.o)
 .text          0x00000000        0x0 d:/7.0/toolchain/avr8/avr8-gnu-toolchain/bin/../lib/gcc/avr/5.4.0/../../../../avr/lib/avr6\libc.a(vsnprintf.o)
 .data          0x00000000        0x0 d:/7.0/toolchain/avr8/avr8-gnu-toolchain/bin/../lib/gcc/avr/5.4.0/../../../../avr/lib/avr6\libc.a(vsnprintf.o)
 .bss           0x00000000        0x0 d:/7.0/toolchain/avr8/avr8-gnu-toolchain/bin/../lib/gcc/avr/5.4.0/../../../../avr/lib/avr6\libc.a(vsnprintf.o)
 .text.avr-libc
                0x00000000       0x72 d:/7.0/toolchain/avr8/avr8-gnu-toolchain/bin/../lib/gcc/avr/5.4.0/../../../../avr/lib/avr6\libc.a(vsnprintf.o)
 .comment       0x00000000       0x31 d:/7.0/toolchain/avr8/avr8-gnu-toolchain/bin/../lib/gcc/avr/5.4.0/../../../../avr/lib/avr6\libc.a(vsnprintf.o)
 .text          0x00000000        0x0 d:/7.0/toolchain/avr8/avr8-gnu-toolchain/bin/../lib/gcc/avr/5.4.0/../../../../avr/lib/avr6\libc.a(vsnprintf_p.o)
 .data          0x00000000        0x0 d:/7.0/toolchain/avr8/avr8-gnu-toolchain/bin/../lib/gcc/avr/5.4.0/../../../../avr/lib/avr6\libc.a(vsnprintf_p.o)
 .bss           0x00000000        0x0 d:/7.0/toolchain/avr8/avr8-gnu-toolchain/bin/../lib/gcc/avr/5.4.0/../../../../avr/lib/avr6\libc.a(vsnprintf_p.o)
 .text.avr-libc
                0x00000000       0x72 d:/7.0/toolchain/avr8/avr8-gnu-toolchain/bin/../lib/gcc/avr/5.4.0/../../../../avr/lib/avr6\libc.a(vsnprintf_p.o)
 .comment       0x00000000       0x31 d:/7.0/toolchain/avr8/avr8-gnu-toolchain/bin/../lib/gcc/avr/5.4.0/../../../../avr/lib/avr6\libc.a(vsnprintf_p.o)
 .data          0x00000000        0x0 d:/7.0/toolchain/avr8/avr8-gnu-toolchain/bin/../lib/gcc/avr/5.4.0/../../../../avr/lib/avr6\libc.a(system_tick.o)
 .bss           0x00000000        0x0 d:/7.0/toolchain/avr8/avr8-gnu-toolchain/bin/../lib/gcc/avr/5.4.0/../../../../avr/lib/avr6\libc.a(system_tick.o)
 .text          0x00000000        0x0 d:/7.0/toolchain/avr8/avr8-gnu-toolchain/bin/../lib/gcc/avr/5.4.0/../../../../avr/lib/avr6\libc.a(vfprintf_std.o)
 .data          0x00000000        0x0 d:/7.0/toolchain/avr8/avr8-gnu-toolchain/bin/../lib/gcc/avr/5.4.0/../../../../avr/lib/avr6\libc.a(vfprintf_std.o)
 .bss           0x00000000        0x0 d:/7.0/toolchain/avr8/avr8-gnu-toolchain/bin/../lib/gcc/avr/5.4.0/../../../../avr/lib/avr6\libc.a(vfprintf_std.o)
 .text          0x00000000        0x0 d:/7.0/toolchain/avr8/avr8-gnu-toolchain/bin/../lib/gcc/avr/5.4.0/../../../../avr/lib/avr6\libc.a(strnlen_P.o)
 .data          0x00000000        0x0 d:/7.0/toolchain/avr8/avr8-gnu-toolchain/bin/../lib/gcc/avr/5.4.0/../../../../avr/lib/avr6\libc.a(strnlen_P.o)
 .bss           0x00000000        0x0 d:/7.0/toolchain/avr8/avr8-gnu-toolchain/bin/../lib/gcc/avr/5.4.0/../../../../avr/lib/avr6\libc.a(strnlen_P.o)
 .text          0x00000000        0x0 d:/7.0/toolchain/avr8/avr8-gnu-toolchain/bin/../lib/gcc/avr/5.4.0/../../../../avr/lib/avr6\libc.a(strnlen.o)
 .data          0x00000000        0x0 d:/7.0/toolchain/avr8/avr8-gnu-toolchain/bin/../lib/gcc/avr/5.4.0/../../../../avr/lib/avr6\libc.a(strnlen.o)
 .bss           0x00000000        0x0 d:/7.0/toolchain/avr8/avr8-gnu-toolchain/bin/../lib/gcc/avr/5.4.0/../../../../avr/lib/avr6\libc.a(strnlen.o)
 .text          0x00000000        0x0 d:/7.0/toolchain/avr8/avr8-gnu-toolchain/bin/../lib/gcc/avr/5.4.0/../../../../avr/lib/avr6\libc.a(strrev.o)
 .data          0x00000000        0x0 d:/7.0/toolchain/avr8/avr8-gnu-toolchain/bin/../lib/gcc/avr/5.4.0/../../../../avr/lib/avr6\libc.a(strrev.o)
 .bss           0x00000000        0x0 d:/7.0/toolchain/avr8/avr8-gnu-toolchain/bin/../lib/gcc/avr/5.4.0/../../../../avr/lib/avr6\libc.a(strrev.o)
 .text          0x00000000        0x0 d:/7.0/toolchain/avr8/avr8-gnu-toolchain/bin/../lib/gcc/avr/5.4.0/../../../../avr/lib/avr6\libc.a(fputc.o)
 .data          0x00000000        0x0 d:/7.0/toolchain/avr8/avr8-gnu-toolchain/bin/../lib/gcc/avr/5.4.0/../../../../avr/lib/avr6\libc.a(fputc.o)
 .bss           0x00000000        0x0 d:/7.0/toolchain/avr8/avr8-gnu-toolchain/bin/../lib/gcc/avr/5.4.0/../../../../avr/lib/avr6\libc.a(fputc.o)
 .text          0x00000000        0x0 d:/7.0/toolchain/avr8/avr8-gnu-toolchain/bin/../lib/gcc/avr/5.4.0/../../../../avr/lib/avr6\libc.a(iob.o)
 .data          0x00000000        0x0 d:/7.0/toolchain/avr8/avr8-gnu-toolchain/bin/../lib/gcc/avr/5.4.0/../../../../avr/lib/avr6\libc.a(iob.o)
 .bss           0x00000000        0x0 d:/7.0/toolchain/avr8/avr8-gnu-toolchain/bin/../lib/gcc/avr/5.4.0/../../../../avr/lib/avr6\libc.a(iob.o)
 .text          0x00000000        0x0 d:/7.0/toolchain/avr8/avr8-gnu-toolchain/bin/../lib/gcc/avr/5.4.0/../../../../avr/lib/avr6\libc.a(ultoa_invert.o)
 .data          0x00000000        0x0 d:/7.0/toolchain/avr8/avr8-gnu-toolchain/bin/../lib/gcc/avr/5.4.0/../../../../avr/lib/avr6\libc.a(ultoa_invert.o)
 .bss           0x00000000        0x0 d:/7.0/toolchain/avr8/avr8-gnu-toolchain/bin/../lib/gcc/avr/5.4.0/../../../../avr/lib/avr6\libc.a(ultoa_invert.o)
 .text          0x00000000        0x0 d:/7.0/toolchain/avr8/avr8-gnu-toolchain/bin/../lib/gcc/avr/5.4.0/../../../../avr/lib/avr6\libc.a(system_time.o)
 .data          0x00000000        0x0 d:/7.0/toolchain/avr8/avr8-gnu-toolchain/bin/../lib/gcc/avr/5.4.0/../../../../avr/lib/avr6\libc.a(system_time.o)
 .bss           0x00000000        0x0 d:/7.0/toolchain/avr8/avr8-gnu-toolchain/bin/../lib/gcc/avr/5.4.0/../../../../avr/lib/avr6\libc.a(system_time.o)

Memory Configuration

Name             Origin             Length             Attributes
text             0x00000000         0x00100000         xr
data             0x00800200         0x0000fe00         rw !x
eeprom           0x00810000         0x00010000         rw !x
fuse             0x00820000         0x00000003         rw !x
lock             0x00830000         0x00000400         rw !x
signature        0x00840000         0x00000400         rw !x
user_signatures  0x00850000         0x00000400         rw !x
*default*        0x00000000         0xffffffff

Linker script and memory map

Address of section .data set to 0x800200
LOAD D:/7.0/Packs/atmel/ATmega_DFP/1.1.130/gcc/dev/atmega2560/avr6/crtatmega2560.o
LOAD application/application.o
LOAD devices/adc.o
LOAD devices/key.o
LOAD devices/lcd_ard.o
LOAD devices/led.o
LOAD ds1820/crc8.o
LOAD ds1820/ds18x20.o
LOAD ds1820/onewire.o
LOAD freertos/croutine.o
LOAD freertos/heap_1.o
LOAD freertos/list.o
LOAD freertos/port.o
LOAD freertos/queue.o
LOAD freertos/tasks.o
LOAD protocol/io.o
LOAD protocol/protocol.o
LOAD freertos/serial.o
START GROUP
LOAD d:/7.0/toolchain/avr8/avr8-gnu-toolchain/bin/../lib/gcc/avr/5.4.0/../../../../avr/lib/avr6\libm.a
END GROUP
START GROUP
LOAD d:/7.0/toolchain/avr8/avr8-gnu-toolchain/bin/../lib/gcc/avr/5.4.0/avr6\libgcc.a
LOAD d:/7.0/toolchain/avr8/avr8-gnu-toolchain/bin/../lib/gcc/avr/5.4.0/../../../../avr/lib/avr6\libm.a
LOAD d:/7.0/toolchain/avr8/avr8-gnu-toolchain/bin/../lib/gcc/avr/5.4.0/../../../../avr/lib/avr6\libc.a
LOAD D:/7.0/Packs/atmel/ATmega_DFP/1.1.130/gcc/dev/atmega2560/avr6\libatmega2560.a
END GROUP
                0x00000000                __TEXT_REGION_ORIGIN__ = DEFINED (__TEXT_REGION_ORIGIN__)?__TEXT_REGION_ORIGIN__:0x0
                0x00800200                __DATA_REGION_ORIGIN__ = DEFINED (__DATA_REGION_ORIGIN__)?__DATA_REGION_ORIGIN__:0x800200
                0x00100000                __TEXT_REGION_LENGTH__ = DEFINED (__TEXT_REGION_LENGTH__)?__TEXT_REGION_LENGTH__:0x100000
                0x0000fe00                __DATA_REGION_LENGTH__ = DEFINED (__DATA_REGION_LENGTH__)?__DATA_REGION_LENGTH__:0xfe00
                0x00010000                __EEPROM_REGION_LENGTH__ = DEFINED (__EEPROM_REGION_LENGTH__)?__EEPROM_REGION_LENGTH__:0x10000
                [0x00000003]                __FUSE_REGION_LENGTH__ = DEFINED (__FUSE_REGION_LENGTH__)?__FUSE_REGION_LENGTH__:0x400
                0x00000400                __LOCK_REGION_LENGTH__ = DEFINED (__LOCK_REGION_LENGTH__)?__LOCK_REGION_LENGTH__:0x400
                0x00000400                __SIGNATURE_REGION_LENGTH__ = DEFINED (__SIGNATURE_REGION_LENGTH__)?__SIGNATURE_REGION_LENGTH__:0x400
                0x00000400                __USER_SIGNATURE_REGION_LENGTH__ = DEFINED (__USER_SIGNATURE_REGION_LENGTH__)?__USER_SIGNATURE_REGION_LENGTH__:0x400

.hash
 *(.hash)

.dynsym
 *(.dynsym)

.dynstr
 *(.dynstr)

.gnu.version
 *(.gnu.version)

.gnu.version_d
 *(.gnu.version_d)

.gnu.version_r
 *(.gnu.version_r)

.rel.init
 *(.rel.init)

.rela.init
 *(.rela.init)

.rel.text
 *(.rel.text)
 *(.rel.text.*)
 *(.rel.gnu.linkonce.t*)

.rela.text
 *(.rela.text)
 *(.rela.text.*)
 *(.rela.gnu.linkonce.t*)

.rel.fini
 *(.rel.fini)

.rela.fini
 *(.rela.fini)

.rel.rodata
 *(.rel.rodata)
 *(.rel.rodata.*)
 *(.rel.gnu.linkonce.r*)

.rela.rodata
 *(.rela.rodata)
 *(.rela.rodata.*)
 *(.rela.gnu.linkonce.r*)

.rel.data
 *(.rel.data)
 *(.rel.data.*)
 *(.rel.gnu.linkonce.d*)

.rela.data
 *(.rela.data)
 *(.rela.data.*)
 *(.rela.gnu.linkonce.d*)

.rel.ctors
 *(.rel.ctors)

.rela.ctors
 *(.rela.ctors)

.rel.dtors
 *(.rel.dtors)

.rela.dtors
 *(.rela.dtors)

.rel.got
 *(.rel.got)

.rela.got
 *(.rela.got)

.rel.bss
 *(.rel.bss)

.rela.bss
 *(.rela.bss)

.rel.plt
 *(.rel.plt)

.rela.plt
 *(.rela.plt)

.text           0x00000000     0x4a58
 *(.vectors)
 .vectors       0x00000000       0xe4 D:/7.0/Packs/atmel/ATmega_DFP/1.1.130/gcc/dev/atmega2560/avr6/crtatmega2560.o
                0x00000000                __vector_default
                0x00000000                __vectors
 *(.vectors)
 *(.progmem.gcc*)
 .progmem.gcc_sw_table.xSerialPutChar
                0x000000e4       0x10 freertos/serial.o
 .progmem.gcc_sw_table.xSerialPortInitMinimal
                0x000000f4       0x10 freertos/serial.o
                0x00000104                . = ALIGN (0x2)
                0x00000104                __trampolines_start = .
 *(.trampolines)
 .trampolines   0x00000104        0x0 linker stubs
 *(.trampolines*)
                0x00000104                __trampolines_end = .
 *libprintf_flt.a:*(.progmem.data)
 *libc.a:*(.progmem.data)
 *(.progmem*)
                0x00000104                . = ALIGN (0x2)
 *(.jumptables)
 *(.jumptables*)
 *(.lowtext)
 .lowtext       0x00000104      0x2e4 freertos/tasks.o
 *(.lowtext*)
                0x000003e8                __ctors_start = .
 *(.ctors)
                0x000003e8                __ctors_end = .
                0x000003e8                __dtors_start = .
 *(.dtors)
                0x000003e8                __dtors_end = .
 SORT(*)(.ctors)
 SORT(*)(.dtors)
 *(.init0)
 .init0         0x000003e8        0x0 D:/7.0/Packs/atmel/ATmega_DFP/1.1.130/gcc/dev/atmega2560/avr6/crtatmega2560.o
                0x000003e8                __init
 *(.init0)
 *(.init1)
 *(.init1)
 *(.init2)
 .init2         0x000003e8       0x10 D:/7.0/Packs/atmel/ATmega_DFP/1.1.130/gcc/dev/atmega2560/avr6/crtatmega2560.o
 *(.init2)
 *(.init3)
 *(.init3)
 *(.init4)
 .init4         0x000003f8       0x1a d:/7.0/toolchain/avr8/avr8-gnu-toolchain/bin/../lib/gcc/avr/5.4.0/avr6\libgcc.a(_copy_data.o)
                0x000003f8                __do_copy_data
 .init4         0x00000412       0x10 d:/7.0/toolchain/avr8/avr8-gnu-toolchain/bin/../lib/gcc/avr/5.4.0/avr6\libgcc.a(_clear_bss.o)
                0x00000412                __do_clear_bss
 *(.init4)
 *(.init5)
 *(.init5)
 *(.init6)
 *(.init6)
 *(.init7)
 *(.init7)
 *(.init8)
 *(.init8)
 *(.init9)
 .init9         0x00000422        0x6 D:/7.0/Packs/atmel/ATmega_DFP/1.1.130/gcc/dev/atmega2560/avr6/crtatmega2560.o
 *(.init9)
 *(.text)
 .text          0x00000428        0x2 D:/7.0/Packs/atmel/ATmega_DFP/1.1.130/gcc/dev/atmega2560/avr6/crtatmega2560.o
                0x00000428                __vector_38
                0x00000428                __vector_22
                0x00000428                __vector_28
                0x00000428                __vector_1
                0x00000428                __vector_32
                0x00000428                __vector_34
                0x00000428                __vector_24
                0x00000428                __vector_12
                0x00000428                __vector_46
                0x00000428                __bad_interrupt
                0x00000428                __vector_6
                0x00000428                __vector_31
                0x00000428                __vector_35
                0x00000428                __vector_39
                0x00000428                __vector_3
                0x00000428                __vector_23
                0x00000428                __vector_30
                0x00000428                __vector_45
                0x00000428                __vector_11
                0x00000428                __vector_13
                0x00000428                __vector_19
                0x00000428                __vector_56
                0x00000428                __vector_7
                0x00000428                __vector_49
                0x00000428                __vector_41
                0x00000428                __vector_43
                0x00000428                __vector_27
                0x00000428                __vector_5
                0x00000428                __vector_33
                0x00000428                __vector_47
                0x00000428                __vector_4
                0x00000428                __vector_44
                0x00000428                __vector_9
                0x00000428                __vector_2
                0x00000428                __vector_15
                0x00000428                __vector_29
                0x00000428                __vector_40
                0x00000428                __vector_8
                0x00000428                __vector_48
                0x00000428                __vector_14
                0x00000428                __vector_53
                0x00000428                __vector_10
                0x00000428                __vector_50
                0x00000428                __vector_16
                0x00000428                __vector_18
                0x00000428                __vector_20
                0x00000428                __vector_42
 .text          0x0000042a       0x38 d:/7.0/toolchain/avr8/avr8-gnu-toolchain/bin/../lib/gcc/avr/5.4.0/../../../../avr/lib/avr6\libc.a(system_tick.o)
                0x0000042a                system_tick
                0x00000462                . = ALIGN (0x2)
 *(.text.*)
 .text.vDoMeasurements
                0x00000462       0xa6 application/application.o
 .text.ReadKeyPadWithLCD
                0x00000508      0x108 application/application.o
                0x00000508                ReadKeyPadWithLCD
 .text.ShowTime
                0x00000610       0xb4 application/application.o
                0x00000610                ShowTime
 .text.ShowDate
                0x000006c4       0x82 application/application.o
                0x000006c4                ShowDate
 .text.ShowBoth
                0x00000746       0xdc application/application.o
                0x00000746                ShowBoth
 .text.vLcdHandler
                0x00000822      0x21a application/application.o
 .text.SetTime  0x00000a3c       0xcc application/application.o
                0x00000a3c                SetTime
 .text.DaysInMonth
                0x00000b08       0x48 application/application.o
                0x00000b08                DaysInMonth
 .text.SetDate  0x00000b50       0xb6 application/application.o
                0x00000b50                SetDate
 .text.vKeyPadHandler
                0x00000c06      0x114 application/application.o
 .text.StartTimer
                0x00000d1a       0x14 application/application.o
                0x00000d1a                StartTimer
 .text.vClock   0x00000d2e      0x152 application/application.o
 .text.__vector_21
                0x00000e80       0x98 application/application.o
                0x00000e80                __vector_21
 .text.main     0x00000f18      0x12a application/application.o
                0x00000f18                main
 .text.ReadADC  0x00001042       0x6c devices/adc.o
                0x00001042                ReadADC
 .text.InitADC  0x000010ae       0x10 devices/adc.o
                0x000010ae                InitADC
 .text.GetKey   0x000010be       0x76 devices/key.o
                0x000010be                GetKey
 .text.lcd_write
                0x00001134      0x124 devices/lcd_ard.o
 .text.lcd_command
                0x00001258        0x8 devices/lcd_ard.o
                0x00001258                lcd_command
 .text.lcd_gotoxy
                0x00001260       0x28 devices/lcd_ard.o
                0x00001260                lcd_gotoxy
 .text.lcd_clrscr
                0x00001288       0x12 devices/lcd_ard.o
                0x00001288                lcd_clrscr
 .text.lcd_putc
                0x0000129a        0x8 devices/lcd_ard.o
                0x0000129a                lcd_putc
 .text.lcd_puts
                0x000012a2       0x1e devices/lcd_ard.o
                0x000012a2                lcd_puts
 .text.lcd_init
                0x000012c0       0xa0 devices/lcd_ard.o
                0x000012c0                lcd_init
 .text.crc8     0x00001360       0x38 ds1820/crc8.o
                0x00001360                crc8
 .text.read_scratchpad
                0x00001398       0x4c ds1820/ds18x20.o
 .text.DS18X20_find_sensor
                0x000013e4       0x42 ds1820/ds18x20.o
                0x000013e4                DS18X20_find_sensor
 .text.DS18X20_start_meas
                0x00001426       0x44 ds1820/ds18x20.o
                0x00001426                DS18X20_start_meas
 .text.DS18X20_read_maxres
                0x0000146a      0x118 ds1820/ds18x20.o
                0x0000146a                DS18X20_read_maxres
 .text.ow_input_pin_state
                0x00001582        0x6 ds1820/onewire.o
                0x00001582                ow_input_pin_state
 .text.ow_parasite_enable
                0x00001588        0x6 ds1820/onewire.o
                0x00001588                ow_parasite_enable
 .text.ow_bit_io_intern
                0x0000158e       0x42 ds1820/onewire.o
 .text.ow_reset
                0x000015d0       0x3c ds1820/onewire.o
                0x000015d0                ow_reset
 .text.ow_bit_io
                0x0000160c        0x8 ds1820/onewire.o
                0x0000160c                ow_bit_io
 .text.ow_byte_wr
                0x00001614       0x20 ds1820/onewire.o
                0x00001614                ow_byte_wr
 .text.ow_byte_wr_with_parasite_enable
                0x00001634       0x38 ds1820/onewire.o
                0x00001634                ow_byte_wr_with_parasite_enable
 .text.ow_command_intern
                0x0000166c       0x4e ds1820/onewire.o
 .text.ow_byte_rd
                0x000016ba        0x6 ds1820/onewire.o
                0x000016ba                ow_byte_rd
 .text.ow_rom_search
                0x000016c0       0xa8 ds1820/onewire.o
                0x000016c0                ow_rom_search
 .text.ow_command
                0x00001768        0x6 ds1820/onewire.o
                0x00001768                ow_command
 .text.ow_command_with_parasite_enable
                0x0000176e        0x6 ds1820/onewire.o
                0x0000176e                ow_command_with_parasite_enable
 .text.search_sensors
                0x00001774       0x9a ds1820/onewire.o
                0x00001774                search_sensors
 .text.GetSensorCount
                0x0000180e        0x4 ds1820/onewire.o
                0x0000180e                GetSensorCount
 .text.GetTemperature
                0x00001812       0x60 ds1820/onewire.o
                0x00001812                GetTemperature
 .text.pvPortMalloc
                0x00001872       0x6a freertos/heap_1.o
                0x00001872                pvPortMalloc
 .text.vPortFree
                0x000018dc        0x2 freertos/heap_1.o
                0x000018dc                vPortFree
 .text.vListInitialise
                0x000018de       0x1c freertos/list.o
                0x000018de                vListInitialise
 .text.vListInitialiseItem
                0x000018fa        0x8 freertos/list.o
                0x000018fa                vListInitialiseItem
 .text.vListInsertEnd
                0x00001902       0x42 freertos/list.o
                0x00001902                vListInsertEnd
 .text.vListInsert
                0x00001944       0x62 freertos/list.o
                0x00001944                vListInsert
 .text.uxListRemove
                0x000019a6       0x4c freertos/list.o
                0x000019a6                uxListRemove
 .text.pxPortInitialiseStack
                0x000019f2       0xe4 freertos/port.o
                0x000019f2                pxPortInitialiseStack
 .text.xPortStartScheduler
                0x00001ad6       0x92 freertos/port.o
                0x00001ad6                xPortStartScheduler
 .text.vPortYield
                0x00001b68       0xc2 freertos/port.o
                0x00001b68                vPortYield
 .text.vPortYieldFromTick
                0x00001c2a       0xf4 freertos/port.o
                0x00001c2a                vPortYieldFromTick
 .text.__vector_17
                0x00001d1e        0x4 freertos/port.o
                0x00001d1e                __vector_17
 .text.xQueueGenericCreate
                0x00001d22       0x9c freertos/queue.o
                0x00001d22                xQueueGenericCreate
 .text.xQueueGenericSend
                0x00001dbe      0x398 freertos/queue.o
                0x00001dbe                xQueueGenericSend
 .text.xQueueGive
                0x00002156      0x2da freertos/queue.o
                0x00002156                xQueueGive
 .text.xQueueGiveFromISR
                0x00002430       0x56 freertos/queue.o
                0x00002430                xQueueGiveFromISR
 .text.xQueueGenericReceive
                0x00002486      0x318 freertos/queue.o
                0x00002486                xQueueGenericReceive
 .text.xTaskGenericCreate
                0x0000279e      0x220 freertos/tasks.o
                0x0000279e                xTaskGenericCreate
 .text.vTaskDelay
                0x000029be      0x33c freertos/tasks.o
                0x000029be                vTaskDelay
 .text.vTaskStartScheduler
                0x00002cfa      0x1dc freertos/tasks.o
                0x00002cfa                vTaskStartScheduler
 .text.vTaskSuspendAll
                0x00002ed6        0xc freertos/tasks.o
                0x00002ed6                vTaskSuspendAll
 .text.xTaskResumeAll
                0x00002ee2      0x2a8 freertos/tasks.o
                0x00002ee2                xTaskResumeAll
 .text.xTaskIncrementTick
                0x0000318a      0x1b2 freertos/tasks.o
                0x0000318a                xTaskIncrementTick
 .text.vTaskSwitchContext
                0x0000333c       0xda freertos/tasks.o
                0x0000333c                vTaskSwitchContext
 .text.vTaskPlaceOnEventList
                0x00003416       0xb6 freertos/tasks.o
                0x00003416                vTaskPlaceOnEventList
 .text.xTaskRemoveFromEventList
                0x000034cc       0x90 freertos/tasks.o
                0x000034cc                xTaskRemoveFromEventList
 .text.vTaskSetTimeOutState
                0x0000355c       0x16 freertos/tasks.o
                0x0000355c                vTaskSetTimeOutState
 .text.xTaskCheckForTimeOut
                0x00003572       0x76 freertos/tasks.o
                0x00003572                xTaskCheckForTimeOut
 .text.vTaskMissedYield
                0x000035e8        0x8 freertos/tasks.o
                0x000035e8                vTaskMissedYield
 .text.vTaskPriorityInherit
                0x000035f0       0xc4 freertos/tasks.o
                0x000035f0                vTaskPriorityInherit
 .text.xTaskPriorityDisinherit
                0x000036b4       0x80 freertos/tasks.o
                0x000036b4                xTaskPriorityDisinherit
 .text.pvTaskIncrementMutexHeldCount
                0x00003734       0x24 freertos/tasks.o
                0x00003734                pvTaskIncrementMutexHeldCount
 .text.xSerialPutChar
                0x00003758      0x12a freertos/serial.o
                0x00003758                xSerialPutChar
 .text.xSerialPortInitMinimal
                0x00003882      0x466 freertos/serial.o
                0x00003882                xSerialPortInitMinimal
 .text.__vector_25
                0x00003ce8       0xbe freertos/serial.o
                0x00003ce8                __vector_25
 .text.__vector_26
                0x00003da6       0x92 freertos/serial.o
                0x00003da6                __vector_26
 .text.__vector_36
                0x00003e38       0xbe freertos/serial.o
                0x00003e38                __vector_36
 .text.__vector_37
                0x00003ef6       0x92 freertos/serial.o
                0x00003ef6                __vector_37
 .text.__vector_51
                0x00003f88       0xbe freertos/serial.o
                0x00003f88                __vector_51
 .text.__vector_52
                0x00004046       0x92 freertos/serial.o
                0x00004046                __vector_52
 .text.__vector_54
                0x000040d8       0xbe freertos/serial.o
                0x000040d8                __vector_54
 .text.__vector_55
                0x00004196       0x92 freertos/serial.o
                0x00004196                __vector_55
 .text.avr-libc.fplib
                0x00004228        0xa d:/7.0/toolchain/avr8/avr8-gnu-toolchain/bin/../lib/gcc/avr/5.4.0/../../../../avr/lib/avr6\libm.a(fixsfsi.o)
                0x00004228                __fixsfsi
 .text.avr-libc.fplib
                0x00004232       0x58 d:/7.0/toolchain/avr8/avr8-gnu-toolchain/bin/../lib/gcc/avr/5.4.0/../../../../avr/lib/avr6\libm.a(fixunssfsi.o)
                0x00004232                __fixunssfsi
 .text.avr-libc.fplib
                0x0000428a       0x7a d:/7.0/toolchain/avr8/avr8-gnu-toolchain/bin/../lib/gcc/avr/5.4.0/../../../../avr/lib/avr6\libm.a(floatsisf.o)
                0x0000428a                __floatunsisf
                0x0000428e                __floatsisf
 .text.avr-libc.fplib
                0x00004304       0x44 d:/7.0/toolchain/avr8/avr8-gnu-toolchain/bin/../lib/gcc/avr/5.4.0/../../../../avr/lib/avr6\libm.a(fp_split3.o)
                0x00004304                __fp_split3
                0x00004314                __fp_splitA
 .text.avr-libc.fplib
                0x00004348        0xe d:/7.0/toolchain/avr8/avr8-gnu-toolchain/bin/../lib/gcc/avr/5.4.0/../../../../avr/lib/avr6\libm.a(fp_zero.o)
                0x00004348                __fp_zero
                0x0000434a                __fp_szero
 .text.libgcc.div
                0x00004356       0x28 d:/7.0/toolchain/avr8/avr8-gnu-toolchain/bin/../lib/gcc/avr/5.4.0/avr6\libgcc.a(_udivmodhi4.o)
                0x00004356                __udivmodhi4
 .text.libgcc.div
                0x0000437e       0x26 d:/7.0/toolchain/avr8/avr8-gnu-toolchain/bin/../lib/gcc/avr/5.4.0/avr6\libgcc.a(_divmodhi4.o)
                0x0000437e                _div
                0x0000437e                __divmodhi4
 .text.libgcc.div
                0x000043a4       0x44 d:/7.0/toolchain/avr8/avr8-gnu-toolchain/bin/../lib/gcc/avr/5.4.0/avr6\libgcc.a(_udivmodsi4.o)
                0x000043a4                __udivmodsi4
 .text.libgcc.div
                0x000043e8       0x28 d:/7.0/toolchain/avr8/avr8-gnu-toolchain/bin/../lib/gcc/avr/5.4.0/avr6\libgcc.a(_divmodsi4.o)
                0x000043e8                __divmodsi4
 .text.libgcc.div
                0x00004410       0x10 d:/7.0/toolchain/avr8/avr8-gnu-toolchain/bin/../lib/gcc/avr/5.4.0/avr6\libgcc.a(_negsi2.o)
                0x00004410                __negsi2
 .text.libgcc   0x00004420       0x10 d:/7.0/toolchain/avr8/avr8-gnu-toolchain/bin/../lib/gcc/avr/5.4.0/avr6\libgcc.a(_tablejump2.o)
                0x00004420                __tablejump2__
 .text.libgcc.mul
                0x00004430       0x1e d:/7.0/toolchain/avr8/avr8-gnu-toolchain/bin/../lib/gcc/avr/5.4.0/avr6\libgcc.a(_umulhisi3.o)
                0x00004430                __umulhisi3
 .text.avr-libc
                0x0000444e       0x12 d:/7.0/toolchain/avr8/avr8-gnu-toolchain/bin/../lib/gcc/avr/5.4.0/../../../../avr/lib/avr6\libc.a(memcpy.o)
                0x0000444e                memcpy
 .text.avr-libc
                0x00004460        0xe d:/7.0/toolchain/avr8/avr8-gnu-toolchain/bin/../lib/gcc/avr/5.4.0/../../../../avr/lib/avr6\libc.a(memset.o)
                0x00004460                memset
 .text.avr-libc
                0x0000446e       0x14 d:/7.0/toolchain/avr8/avr8-gnu-toolchain/bin/../lib/gcc/avr/5.4.0/../../../../avr/lib/avr6\libc.a(itoa_ncheck.o)
                0x0000446e                __itoa_ncheck
 .text.avr-libc
                0x00004482       0x32 d:/7.0/toolchain/avr8/avr8-gnu-toolchain/bin/../lib/gcc/avr/5.4.0/../../../../avr/lib/avr6\libc.a(utoa_ncheck.o)
                0x00004482                __utoa_ncheck
                0x00004484                __utoa_common
 .text.avr-libc
                0x000044b4       0x26 d:/7.0/toolchain/avr8/avr8-gnu-toolchain/bin/../lib/gcc/avr/5.4.0/../../../../avr/lib/avr6\libc.a(printf.o)
                0x000044b4                printf
 .text.avr-libc
                0x000044da      0x3fa d:/7.0/toolchain/avr8/avr8-gnu-toolchain/bin/../lib/gcc/avr/5.4.0/../../../../avr/lib/avr6\libc.a(vfprintf_std.o)
                0x000044da                vfprintf
 .text.avr-libc
                0x000048d4       0x16 d:/7.0/toolchain/avr8/avr8-gnu-toolchain/bin/../lib/gcc/avr/5.4.0/../../../../avr/lib/avr6\libc.a(strnlen_P.o)
                0x000048d4                strnlen_P
 .text.avr-libc
                0x000048ea       0x16 d:/7.0/toolchain/avr8/avr8-gnu-toolchain/bin/../lib/gcc/avr/5.4.0/../../../../avr/lib/avr6\libc.a(strnlen.o)
                0x000048ea                strnlen
 .text.avr-libc
                0x00004900       0x20 d:/7.0/toolchain/avr8/avr8-gnu-toolchain/bin/../lib/gcc/avr/5.4.0/../../../../avr/lib/avr6\libc.a(strrev.o)
                0x00004900                strrev
 .text.avr-libc
                0x00004920       0x78 d:/7.0/toolchain/avr8/avr8-gnu-toolchain/bin/../lib/gcc/avr/5.4.0/../../../../avr/lib/avr6\libc.a(fputc.o)
                0x00004920                fputc
 .text.avr-libc
                0x00004998       0xbc d:/7.0/toolchain/avr8/avr8-gnu-toolchain/bin/../lib/gcc/avr/5.4.0/../../../../avr/lib/avr6\libc.a(ultoa_invert.o)
                0x00004998                __ultoa_invert
                0x00004a54                . = ALIGN (0x2)
 *(.fini9)
 .fini9         0x00004a54        0x0 d:/7.0/toolchain/avr8/avr8-gnu-toolchain/bin/../lib/gcc/avr/5.4.0/avr6\libgcc.a(_exit.o)
                0x00004a54                _exit
                0x00004a54                exit
 *(.fini9)
 *(.fini8)
 *(.fini8)
 *(.fini7)
 *(.fini7)
 *(.fini6)
 *(.fini6)
 *(.fini5)
 *(.fini5)
 *(.fini4)
 *(.fini4)
 *(.fini3)
 *(.fini3)
 *(.fini2)
 *(.fini2)
 *(.fini1)
 *(.fini1)
 *(.fini0)
 .fini0         0x00004a54        0x4 d:/7.0/toolchain/avr8/avr8-gnu-toolchain/bin/../lib/gcc/avr/5.4.0/avr6\libgcc.a(_exit.o)
 *(.fini0)
                0x00004a58                _etext = .

.data           0x00800200      0x1bc load address 0x00004a58
                0x00800200                PROVIDE (__data_start, .)
 *(.data)
 *(.data*)
 .data.screenTimer
                0x00800200        0x2 application/application.o
                0x00800200                screenTimer
 *(.gnu.linkonce.d*)
 *(.rodata)
 *(.rodata*)
 .rodata.str1.1
                0x00800202       0xd4 application/application.o
 .rodata.str1.1
                0x008002d6       0xe0 ds1820/ds18x20.o
 .rodata.str1.1
                0x008003b6        0x5 freertos/tasks.o
 *(.gnu.linkonce.r*)
                0x008003bc                . = ALIGN (0x2)
 *fill*         0x008003bb        0x1 
                0x008003bc                _edata = .
                0x008003bc                PROVIDE (__data_end, .)

.bss            0x008003bc     0x1370
                0x008003bc                PROVIDE (__bss_start, .)
 *(.bss)
 *(.bss*)
 .bss.message.3052
                0x008003bc        0x2 application/application.o
 .bss.numberOfSensors.3097
                0x008003be        0x1 application/application.o
 .bss.ch.3080   0x008003bf        0x1 application/application.o
 .bss.message.3082
                0x008003c0        0x2 application/application.o
 .bss.message.3037
                0x008003c2        0x2 application/application.o
 .bss.xTaskWoken.3032
                0x008003c4        0x1 application/application.o
 .bss.msCounter.3033
                0x008003c5        0x2 application/application.o
 .bss.xPortC    0x008003c7        0x2 application/application.o
 .bss.xPortB    0x008003c9        0x2 application/application.o
 .bss.xClock    0x008003cb        0x2 application/application.o
 .bss.xDisplay  0x008003cd        0x2 application/application.o
 .bss.intsTime  0x008003cf        0xc application/application.o
                0x008003cf                intsTime
 .bss.ints      0x008003db        0xe application/application.o
                0x008003db                ints
 .bss.stopScreenTimer
                0x008003e9        0x1 application/application.o
                0x008003e9                stopScreenTimer
 .bss.lastScreen
                0x008003ea        0x2 application/application.o
                0x008003ea                lastScreen
 .bss.secondsFromMidNight
                0x008003ec        0x2 application/application.o
                0x008003ec                secondsFromMidNight
 .bss.pucAlignedHeap.2023
                0x008003ee        0x2 freertos/heap_1.o
 .bss.xNextFreeByte
                0x008003f0        0x2 freertos/heap_1.o
 .bss.ucHeap    0x008003f2     0x1200 freertos/heap_1.o
 .bss.uxSchedulerSuspended
                0x008015f2        0x1 freertos/tasks.o
 .bss.xNextTaskUnblockTime
                0x008015f3        0x2 freertos/tasks.o
 .bss.uxTaskNumber
                0x008015f5        0x1 freertos/tasks.o
 .bss.xNumOfOverflows
                0x008015f6        0x1 freertos/tasks.o
 .bss.xYieldPending
                0x008015f7        0x1 freertos/tasks.o
 .bss.uxPendedTicks
                0x008015f8        0x1 freertos/tasks.o
 .bss.xSchedulerRunning
                0x008015f9        0x1 freertos/tasks.o
 .bss.uxTopReadyPriority
                0x008015fa        0x1 freertos/tasks.o
 .bss.xTickCount
                0x008015fb        0x2 freertos/tasks.o
 .bss.uxCurrentNumberOfTasks
                0x008015fd        0x1 freertos/tasks.o
 .bss.xSuspendedTaskList
                0x008015fe        0x9 freertos/tasks.o
 .bss.uxTasksDeleted
                0x00801607        0x1 freertos/tasks.o
 .bss.xTasksWaitingTermination
                0x00801608        0x9 freertos/tasks.o
 .bss.xPendingReadyList
                0x00801611        0x9 freertos/tasks.o
 .bss.pxOverflowDelayedTaskList
                0x0080161a        0x2 freertos/tasks.o
 .bss.pxDelayedTaskList
                0x0080161c        0x2 freertos/tasks.o
 .bss.xDelayedTaskList2
                0x0080161e        0x9 freertos/tasks.o
 .bss.xDelayedTaskList1
                0x00801627        0x9 freertos/tasks.o
 .bss.pxReadyTasksLists
                0x00801630       0x24 freertos/tasks.o
 .bss.pxCurrentTCB
                0x00801654        0x2 freertos/tasks.o
                0x00801654                pxCurrentTCB
 *(COMMON)
 COMMON         0x00801656       0x22 application/application.o
                0x00801656                xSerialPort
 COMMON         0x00801678       0x40 ds1820/onewire.o
                0x00801678                getSensorIDs
 COMMON         0x008016b8        0x4 freertos/port.o
                0x008016b8                portTickRateHz
                0x008016ba                ticksRemainingInSec
 COMMON         0x008016bc       0x66 freertos/serial.o
                0x008016bc                xSerial2Port
                0x008016de                xSerial3Port
                0x00801700                xSerial1Port
 COMMON         0x00801722        0x6 d:/7.0/toolchain/avr8/avr8-gnu-toolchain/bin/../lib/gcc/avr/5.4.0/../../../../avr/lib/avr6\libc.a(iob.o)
                0x00801722                __iob
 COMMON         0x00801728        0x4 d:/7.0/toolchain/avr8/avr8-gnu-toolchain/bin/../lib/gcc/avr/5.4.0/../../../../avr/lib/avr6\libc.a(system_time.o)
                0x00801728                __system_time
                0x0080172c                PROVIDE (__bss_end, .)
                0x00004a58                __data_load_start = LOADADDR (.data)
                0x00004c14                __data_load_end = (__data_load_start + SIZEOF (.data))

.noinit         0x0080172c        0x0
                [!provide]                PROVIDE (__noinit_start, .)
 *(.noinit*)
                [!provide]                PROVIDE (__noinit_end, .)
                0x0080172c                _end = .
                [!provide]                PROVIDE (__heap_start, .)

.eeprom         0x00810000        0x0
 *(.eeprom*)
                0x00810000                __eeprom_end = .

.fuse
 *(.fuse)
 *(.lfuse)
 *(.hfuse)
 *(.efuse)

.lock
 *(.lock*)

.signature
 *(.signature*)

.user_signatures
 *(.user_signatures*)

.stab
 *(.stab)

.stabstr
 *(.stabstr)

.stab.excl
 *(.stab.excl)

.stab.exclstr
 *(.stab.exclstr)

.stab.index
 *(.stab.index)

.stab.indexstr
 *(.stab.indexstr)

.comment        0x00000000       0x5c
 *(.comment)
 .comment       0x00000000       0x30 application/application.o
                                 0x31 (size before relaxing)
 .comment       0x00000030       0x31 devices/adc.o
 .comment       0x00000030       0x31 devices/key.o
 .comment       0x00000030       0x31 devices/lcd_ard.o
 .comment       0x00000030       0x31 ds1820/crc8.o
 .comment       0x00000030       0x31 ds1820/ds18x20.o
 .comment       0x00000030       0x31 ds1820/onewire.o
 .comment       0x00000030       0x31 freertos/heap_1.o
 .comment       0x00000030       0x31 freertos/list.o
 .comment       0x00000030       0x31 freertos/port.o
 .comment       0x00000030       0x31 freertos/queue.o
 .comment       0x00000030       0x31 freertos/tasks.o
 .comment       0x00000030       0x31 freertos/serial.o
 .comment       0x00000030       0x31 d:/7.0/toolchain/avr8/avr8-gnu-toolchain/bin/../lib/gcc/avr/5.4.0/../../../../avr/lib/avr6\libc.a(printf.o)
 .comment       0x00000030       0x2c d:/7.0/toolchain/avr8/avr8-gnu-toolchain/bin/../lib/gcc/avr/5.4.0/../../../../avr/lib/avr6\libc.a(vfprintf_std.o)
                                 0x2d (size before relaxing)
 .comment       0x0000005c       0x31 d:/7.0/toolchain/avr8/avr8-gnu-toolchain/bin/../lib/gcc/avr/5.4.0/../../../../avr/lib/avr6\libc.a(fputc.o)
 .comment       0x0000005c       0x31 d:/7.0/toolchain/avr8/avr8-gnu-toolchain/bin/../lib/gcc/avr/5.4.0/../../../../avr/lib/avr6\libc.a(iob.o)
 .comment       0x0000005c       0x31 d:/7.0/toolchain/avr8/avr8-gnu-toolchain/bin/../lib/gcc/avr/5.4.0/../../../../avr/lib/avr6\libc.a(system_time.o)

.note.gnu.avr.deviceinfo
                0x00000000       0x40
 .note.gnu.avr.deviceinfo
                0x00000000       0x40 D:/7.0/Packs/atmel/ATmega_DFP/1.1.130/gcc/dev/atmega2560/avr6/crtatmega2560.o

.note.gnu.build-id
 *(.note.gnu.build-id)

.debug
 *(.debug)

.line
 *(.line)

.debug_srcinfo
 *(.debug_srcinfo)

.debug_sfnames
 *(.debug_sfnames)

.debug_aranges  0x00000000      0x6b8
 *(.debug_aranges)
 .debug_aranges
                0x00000000       0x88 application/application.o
 .debug_aranges
                0x00000088       0x28 devices/adc.o
 .debug_aranges
                0x000000b0       0x20 devices/key.o
 .debug_aranges
                0x000000d0       0x60 devices/lcd_ard.o
 .debug_aranges
                0x00000130       0x20 ds1820/crc8.o
 .debug_aranges
                0x00000150       0x70 ds1820/ds18x20.o
 .debug_aranges
                0x000001c0       0x98 ds1820/onewire.o
 .debug_aranges
                0x00000258       0x38 freertos/heap_1.o
 .debug_aranges
                0x00000290       0x40 freertos/list.o
 .debug_aranges
                0x000002d0       0x48 freertos/port.o
 .debug_aranges
                0x00000318       0xb0 freertos/queue.o
 .debug_aranges
                0x000003c8      0x150 freertos/tasks.o
 .debug_aranges
                0x00000518      0x1a0 freertos/serial.o

.debug_pubnames
 *(.debug_pubnames)

.debug_info     0x00000000     0xaf24
 *(.debug_info .gnu.linkonce.wi.*)
 .debug_info    0x00000000      0xbbc D:/7.0/Packs/atmel/ATmega_DFP/1.1.130/gcc/dev/atmega2560/avr6/crtatmega2560.o
 .debug_info    0x00000bbc     0x187b application/application.o
 .debug_info    0x00002437       0xed devices/adc.o
 .debug_info    0x00002524       0xf1 devices/key.o
 .debug_info    0x00002615      0x6c5 devices/lcd_ard.o
 .debug_info    0x00002cda      0x104 ds1820/crc8.o
 .debug_info    0x00002dde      0x92b ds1820/ds18x20.o
 .debug_info    0x00003709      0x8c1 ds1820/onewire.o
 .debug_info    0x00003fca      0x1a4 freertos/heap_1.o
 .debug_info    0x0000416e      0x2c6 freertos/list.o
 .debug_info    0x00004434      0x2ab freertos/port.o
 .debug_info    0x000046df     0x1e25 freertos/queue.o
 .debug_info    0x00006504     0x278c freertos/tasks.o
 .debug_info    0x00008c90     0x2294 freertos/serial.o

.debug_abbrev   0x00000000     0x2461
 *(.debug_abbrev)
 .debug_abbrev  0x00000000      0xb1a D:/7.0/Packs/atmel/ATmega_DFP/1.1.130/gcc/dev/atmega2560/avr6/crtatmega2560.o
 .debug_abbrev  0x00000b1a      0x31a application/application.o
 .debug_abbrev  0x00000e34       0xa5 devices/adc.o
 .debug_abbrev  0x00000ed9       0xa7 devices/key.o
 .debug_abbrev  0x00000f80      0x1c5 devices/lcd_ard.o
 .debug_abbrev  0x00001145       0x8b ds1820/crc8.o
 .debug_abbrev  0x000011d0      0x291 ds1820/ds18x20.o
 .debug_abbrev  0x00001461      0x2b2 ds1820/onewire.o
 .debug_abbrev  0x00001713      0x11c freertos/heap_1.o
 .debug_abbrev  0x0000182f       0xf8 freertos/list.o
 .debug_abbrev  0x00001927      0x151 freertos/port.o
 .debug_abbrev  0x00001a78      0x28b freertos/queue.o
 .debug_abbrev  0x00001d03      0x372 freertos/tasks.o
 .debug_abbrev  0x00002075      0x3ec freertos/serial.o

.debug_line     0x00000000     0x6865
 *(.debug_line .debug_line.* .debug_line_end)
 .debug_line    0x00000000      0x1f9 D:/7.0/Packs/atmel/ATmega_DFP/1.1.130/gcc/dev/atmega2560/avr6/crtatmega2560.o
 .debug_line    0x000001f9      0x9b6 application/application.o
 .debug_line    0x00000baf      0x10b devices/adc.o
 .debug_line    0x00000cba       0xbf devices/key.o
 .debug_line    0x00000d79      0x3c5 devices/lcd_ard.o
 .debug_line    0x0000113e       0xcf ds1820/crc8.o
 .debug_line    0x0000120d      0x4c0 ds1820/ds18x20.o
 .debug_line    0x000016cd      0x4c5 ds1820/onewire.o
 .debug_line    0x00001b92      0x178 freertos/heap_1.o
 .debug_line    0x00001d0a      0x1c5 freertos/list.o
 .debug_line    0x00001ecf      0x2c9 freertos/port.o
 .debug_line    0x00002198     0x151d freertos/queue.o
 .debug_line    0x000036b5     0x1763 freertos/tasks.o
 .debug_line    0x00004e18     0x1a4d freertos/serial.o

.debug_frame    0x00000000     0x19cc
 *(.debug_frame)
 .debug_frame   0x00000000      0x23c application/application.o
 .debug_frame   0x0000023c       0x40 devices/adc.o
 .debug_frame   0x0000027c       0x38 devices/key.o
 .debug_frame   0x000002b4       0xd0 devices/lcd_ard.o
 .debug_frame   0x00000384       0x24 ds1820/crc8.o
 .debug_frame   0x000003a8      0x1f4 ds1820/ds18x20.o
 .debug_frame   0x0000059c      0x1c0 ds1820/onewire.o
 .debug_frame   0x0000075c       0x60 freertos/heap_1.o
 .debug_frame   0x000007bc       0x88 freertos/list.o
 .debug_frame   0x00000844       0x74 freertos/port.o
 .debug_frame   0x000008b8      0x360 freertos/queue.o
 .debug_frame   0x00000c18      0x544 freertos/tasks.o
 .debug_frame   0x0000115c      0x870 freertos/serial.o

.debug_str      0x00000000     0x2229
 *(.debug_str)
 .debug_str     0x00000000      0x3e6 D:/7.0/Packs/atmel/ATmega_DFP/1.1.130/gcc/dev/atmega2560/avr6/crtatmega2560.o
 .debug_str     0x000003e6      0x601 application/application.o
                                0x667 (size before relaxing)
 .debug_str     0x000009e7       0x35 devices/adc.o
                                0x197 (size before relaxing)
 .debug_str     0x00000a1c       0x11 devices/key.o
                                0x189 (size before relaxing)
 .debug_str     0x00000a2d       0xb5 devices/lcd_ard.o
                                0x25f (size before relaxing)
 .debug_str     0x00000ae2       0x52 ds1820/crc8.o
                                0x1bd (size before relaxing)
 .debug_str     0x00000b34      0x23a ds1820/ds18x20.o
                                0x429 (size before relaxing)
 .debug_str     0x00000d6e       0xa4 ds1820/onewire.o
                                0x378 (size before relaxing)
 .debug_str     0x00000e12       0xb6 freertos/heap_1.o
                                0x22a (size before relaxing)
 .debug_str     0x00000ec8      0x130 freertos/list.o
                                0x2b0 (size before relaxing)
 .debug_str     0x00000ff8      0x142 freertos/port.o
                                0x2e2 (size before relaxing)
 .debug_str     0x0000113a      0x478 freertos/queue.o
                                0x79d (size before relaxing)
 .debug_str     0x000015b2      0x83a freertos/tasks.o
                                0xd44 (size before relaxing)
 .debug_str     0x00001dec      0x43d freertos/serial.o
                                0x79a (size before relaxing)

.debug_loc      0x00000000     0xa963
 *(.debug_loc)
 .debug_loc     0x00000000      0xd37 application/application.o
 .debug_loc     0x00000d37       0xf8 devices/adc.o
 .debug_loc     0x00000e2f       0xe5 devices/key.o
 .debug_loc     0x00000f14      0x607 devices/lcd_ard.o
 .debug_loc     0x0000151b      0x1c0 ds1820/crc8.o
 .debug_loc     0x000016db      0xd4c ds1820/ds18x20.o
 .debug_loc     0x00002427      0x961 ds1820/onewire.o
 .debug_loc     0x00002d88       0xf1 freertos/heap_1.o
 .debug_loc     0x00002e79      0x145 freertos/list.o
 .debug_loc     0x00002fbe      0x2e9 freertos/port.o
 .debug_loc     0x000032a7     0x1fb5 freertos/queue.o
 .debug_loc     0x0000525c     0x29a7 freertos/tasks.o
 .debug_loc     0x00007c03     0x2d60 freertos/serial.o

.debug_macinfo
 *(.debug_macinfo)

.debug_weaknames
 *(.debug_weaknames)

.debug_funcnames
 *(.debug_funcnames)

.debug_typenames
 *(.debug_typenames)

.debug_varnames
 *(.debug_varnames)

.debug_pubtypes
 *(.debug_pubtypes)

.debug_ranges   0x00000000      0xbe0
 *(.debug_ranges)
 .debug_ranges  0x00000000       0x90 application/application.o
 .debug_ranges  0x00000090       0x18 devices/adc.o
 .debug_ranges  0x000000a8       0x10 devices/key.o
 .debug_ranges  0x000000b8       0x68 devices/lcd_ard.o
 .debug_ranges  0x00000120       0x10 ds1820/crc8.o
 .debug_ranges  0x00000130       0x90 ds1820/ds18x20.o
 .debug_ranges  0x000001c0       0x88 ds1820/onewire.o
 .debug_ranges  0x00000248       0x28 freertos/heap_1.o
 .debug_ranges  0x00000270       0x30 freertos/list.o
 .debug_ranges  0x000002a0       0x38 freertos/port.o
 .debug_ranges  0x000002d8      0x1b0 freertos/queue.o
 .debug_ranges  0x00000488      0x368 freertos/tasks.o
 .debug_ranges  0x000007f0      0x3f0 freertos/serial.o

.debug_macro
 *(.debug_macro)
OUTPUT(Atmega2560.elf elf32-avr)
LOAD linker stubs
